Archive member included to satisfy reference by file (symbol)

c:/program files/microchip/xc8/v3.10/avr/bin/../lib/gcc/avr/5.4.0/avrxmega4/memx-const/mapped\libgcc.a(_copy_data.o)
                              build/default/production/mcc_generated_files/system/src/config_bits.o (__do_copy_data)
c:/program files/microchip/xc8/v3.10/avr/bin/../lib/gcc/avr/5.4.0/avrxmega4/memx-const/mapped\libgcc.a(_umulhisi3.o)
                              build/default/production/dali_tx.o (__umulhisi3)
c:/program files/microchip/xc8/v3.10/avr/bin/../lib/gcc/avr/5.4.0/../../../../avr/lib/avrxmega4/memx-const/mapped\libc.a(exit.o)
                              C:/Program Files/Microchip/MPLABX/v6.25/packs/Microchip/AVR-Dx_DFP/2.7.321/xc8/avr/lib/avrxmega4/memx-const/mapped/crtavr128db28.o (exit)
c:/program files/microchip/xc8/v3.10/avr/bin/../lib/gcc/avr/5.4.0/../../../../avr/lib/avrxmega4/memx-const/mapped\libc.a(_Exit.o)
                              c:/program files/microchip/xc8/v3.10/avr/bin/../lib/gcc/avr/5.4.0/../../../../avr/lib/avrxmega4/memx-const/mapped\libc.a(exit.o) (_Exit)
c:/program files/microchip/xc8/v3.10/avr/bin/../lib/gcc/avr/5.4.0/avrxmega4/memx-const/mapped\libgcc.a(_exit.o)
                              c:/program files/microchip/xc8/v3.10/avr/bin/../lib/gcc/avr/5.4.0/../../../../avr/lib/avrxmega4/memx-const/mapped\libc.a(_Exit.o) (_exit)

Memory Configuration

Name             Origin             Length             Attributes
text             0x0000000000000000 0x0000000000020000 xr
data             0x0000000000804000 0x0000000000004000 rw !x
eeprom           0x0000000000810000 0x0000000000000200 rw !x
fuse             0x0000000000820000 0x0000000000000010 rw !x
lock             0x0000000000830000 0x0000000000000400 rw !x
signature        0x0000000000840000 0x0000000000000400 rw !x
user_signatures  0x0000000000850000 0x0000000000000400 rw !x
bootrow          0x0000000000860000 0x0000000000000400 rw !x
*default*        0x0000000000000000 0xffffffffffffffff

Linker script and memory map

Address of section .data set to 0x804000
                0x0000000000008000                __RODATA_PM_OFFSET__ = 0x8000
LOAD C:/Program Files/Microchip/MPLABX/v6.25/packs/Microchip/AVR-Dx_DFP/2.7.321/xc8/avr/lib/avrxmega4/memx-const/mapped/crtavr128db28.o
                0x0000000000000001                __MPLAB_BUILD = 0x1
LOAD build/default/production/mcc_generated_files/adc/src/adc0.o
LOAD build/default/production/mcc_generated_files/evsys/src/evsys.o
LOAD build/default/production/mcc_generated_files/system/src/clock.o
LOAD build/default/production/mcc_generated_files/system/src/config_bits.o
LOAD build/default/production/mcc_generated_files/system/src/interrupt.o
LOAD build/default/production/mcc_generated_files/system/src/system.o
LOAD build/default/production/mcc_generated_files/system/src/protected_io.o
LOAD build/default/production/mcc_generated_files/system/src/pins.o
LOAD build/default/production/mcc_generated_files/timer/src/rtc.o
LOAD build/default/production/mcc_generated_files/timer/src/tca0.o
LOAD build/default/production/mcc_generated_files/timer/src/tcb0.o
LOAD build/default/production/mcc_generated_files/vref/src/vref.o
LOAD build/default/production/main.o
LOAD build/default/production/dali_tx.o
START GROUP
END GROUP
START GROUP
LOAD c:/program files/microchip/xc8/v3.10/avr/bin/../lib/gcc/avr/5.4.0/avrxmega4/memx-const/mapped\libgcc.a
LOAD c:/program files/microchip/xc8/v3.10/avr/bin/../lib/gcc/avr/5.4.0/../../../../avr/lib/avrxmega4/memx-const/mapped\libm.a
LOAD c:/program files/microchip/xc8/v3.10/avr/bin/../lib/gcc/avr/5.4.0/../../../../avr/lib/avrxmega4/memx-const/mapped\libc.a
LOAD C:/Program Files/Microchip/MPLABX/v6.25/packs/Microchip/AVR-Dx_DFP/2.7.321/xc8/avr/lib/avrxmega4/memx-const/mapped\libavr128db28.a
END GROUP
                [0x0000000000000000]                __TEXT_REGION_ORIGIN__ = DEFINED (__TEXT_REGION_ORIGIN__)?__TEXT_REGION_ORIGIN__:0x0
                [0x0000000000804000]                __DATA_REGION_ORIGIN__ = DEFINED (__DATA_REGION_ORIGIN__)?__DATA_REGION_ORIGIN__:0x802000
                [0x0000000000020000]                __TEXT_REGION_LENGTH__ = DEFINED (__TEXT_REGION_LENGTH__)?__TEXT_REGION_LENGTH__:0x100000
                [0x0000000000004000]                __DATA_REGION_LENGTH__ = DEFINED (__DATA_REGION_LENGTH__)?__DATA_REGION_LENGTH__:0xffa0
                [0x0000000000000200]                __EEPROM_REGION_LENGTH__ = DEFINED (__EEPROM_REGION_LENGTH__)?__EEPROM_REGION_LENGTH__:0x10000
                [0x0000000000000010]                __FUSE_REGION_LENGTH__ = DEFINED (__FUSE_REGION_LENGTH__)?__FUSE_REGION_LENGTH__:0x400
                0x0000000000000400                __LOCK_REGION_LENGTH__ = DEFINED (__LOCK_REGION_LENGTH__)?__LOCK_REGION_LENGTH__:0x400
                0x0000000000000400                __SIGNATURE_REGION_LENGTH__ = DEFINED (__SIGNATURE_REGION_LENGTH__)?__SIGNATURE_REGION_LENGTH__:0x400
                0x0000000000000400                __USER_SIGNATURE_REGION_LENGTH__ = DEFINED (__USER_SIGNATURE_REGION_LENGTH__)?__USER_SIGNATURE_REGION_LENGTH__:0x400
                0x0000000000000400                __BOOTROW_REGION_LENGTH__ = DEFINED (__BOOTROW_REGION_LENGTH__)?__BOOTROW_REGION_LENGTH__:0x400

.hash
 *(.hash)

.dynsym
 *(.dynsym)

.dynstr
 *(.dynstr)

.gnu.version
 *(.gnu.version)

.gnu.version_d
 *(.gnu.version_d)

.gnu.version_r
 *(.gnu.version_r)

.rel.init
 *(.rel.init)

.rela.init
 *(.rela.init)

.rel.text
 *(.rel.text)
 *(.rel.text.*)
 *(.rel.gnu.linkonce.t*)

.rela.text
 *(.rela.text)
 *(.rela.text.*)
 *(.rela.gnu.linkonce.t*)

.rel.fini
 *(.rel.fini)

.rela.fini
 *(.rela.fini)

.rel.rodata
 *(.rel.rodata)
 *(.rel.rodata.*)
 *(.rel.gnu.linkonce.r*)

.rela.rodata
 *(.rela.rodata)
 *(.rela.rodata.*)
 *(.rela.gnu.linkonce.r*)

.rel.data
 *(.rel.data)
 *(.rel.data.*)
 *(.rel.gnu.linkonce.d*)

.rela.data
 *(.rela.data)
 *(.rela.data.*)
 *(.rela.gnu.linkonce.d*)

.rel.ctors
 *(.rel.ctors)

.rela.ctors
 *(.rela.ctors)

.rel.dtors
 *(.rel.dtors)

.rela.dtors
 *(.rela.dtors)

.rel.got
 *(.rel.got)

.rela.got
 *(.rela.got)

.rel.bss
 *(.rel.bss)

.rela.bss
 *(.rela.bss)

.rel.plt
 *(.rel.plt)

.rela.plt
 *(.rela.plt)

.text           0x0000000000000000      0x124
 *(.vectors)
 .vectors       0x0000000000000000       0xa8 C:/Program Files/Microchip/MPLABX/v6.25/packs/Microchip/AVR-Dx_DFP/2.7.321/xc8/avr/lib/avrxmega4/memx-const/mapped/crtavr128db28.o
                0x0000000000000000                __vector_default
                0x0000000000000000                __vectors
 *(.vectors)
 *(.progmem.gcc*)
 *(.dinit)
 .dinit         0x00000000000000a8       0x11 data_init
                0x00000000000000ba                . = ALIGN (0x2)
 *fill*         0x00000000000000b9        0x1 
                0x00000000000000ba                __trampolines_start = .
 *(.trampolines)
 .trampolines   0x00000000000000ba        0x0 linker stubs
 *(.trampolines*)
                0x00000000000000ba                __trampolines_end = .
 *libprintf_flt.a:*(.progmem.data)
 *libc.a:*(.progmem.data)
                0x00000000000000ba                . = ALIGN (0x2)
 *(.jumptables)
 *(.jumptables*)
 *(.lowtext)
 *(.lowtext*)
                0x00000000000000ba                __ctors_start = .
 *(.ctors)
                0x00000000000000ba                __ctors_end = .
                0x00000000000000ba                __dtors_start = .
 *(.dtors)
                0x00000000000000ba                __dtors_end = .
 SORT(*)(.ctors)
 SORT(*)(.dtors)
 *(.init0)
 .init0         0x00000000000000ba        0x0 C:/Program Files/Microchip/MPLABX/v6.25/packs/Microchip/AVR-Dx_DFP/2.7.321/xc8/avr/lib/avrxmega4/memx-const/mapped/crtavr128db28.o
                0x00000000000000ba                __init
 *(.init0)
 *(.init1)
 .init1         0x00000000000000ba       0x12 C:/Program Files/Microchip/MPLABX/v6.25/packs/Microchip/AVR-Dx_DFP/2.7.321/xc8/avr/lib/avrxmega4/memx-const/mapped/crtavr128db28.o
 *(.init1)
 *(.init2)
 .init2         0x00000000000000cc        0xc C:/Program Files/Microchip/MPLABX/v6.25/packs/Microchip/AVR-Dx_DFP/2.7.321/xc8/avr/lib/avrxmega4/memx-const/mapped/crtavr128db28.o
 *(.init2)
 *(.init3)
 *(.init3)
 *(.init4)
 .init4         0x00000000000000d8       0x40 c:/program files/microchip/xc8/v3.10/avr/bin/../lib/gcc/avr/5.4.0/avrxmega4/memx-const/mapped\libgcc.a(_copy_data.o)
                0x00000000000000d8                __do_copy_data
                0x000000000000010a                __do_clear_bss
 *(.init4)
 *(.init5)
 *(.init5)
 *(.init6)
 *(.init6)
 *(.init7)
 *(.init7)
 *(.init8)
 *(.init8)
 *(.init9)
 .init9         0x0000000000000118        0x8 C:/Program Files/Microchip/MPLABX/v6.25/packs/Microchip/AVR-Dx_DFP/2.7.321/xc8/avr/lib/avrxmega4/memx-const/mapped/crtavr128db28.o
 *(.init9)
                0x0000000000000120                . = ALIGN (0x2)
 *(.fini9)
 .fini9         0x0000000000000120        0x0 c:/program files/microchip/xc8/v3.10/avr/bin/../lib/gcc/avr/5.4.0/avrxmega4/memx-const/mapped\libgcc.a(_exit.o)
                0x0000000000000120                _exit
 *(.fini9)
 *(.fini8)
 *(.fini8)
 *(.fini7)
 *(.fini7)
 *(.fini6)
 *(.fini6)
 *(.fini5)
 *(.fini5)
 *(.fini4)
 *(.fini4)
 *(.fini3)
 *(.fini3)
 *(.fini2)
 *(.fini2)
 *(.fini1)
 *(.fini1)
 *(.fini0)
 .fini0         0x0000000000000120        0x4 c:/program files/microchip/xc8/v3.10/avr/bin/../lib/gcc/avr/5.4.0/avrxmega4/memx-const/mapped\libgcc.a(_exit.o)
 *(.fini0)
                0x0000000000000124                _etext = .

.data           0x0000000000804000        0x0 load address 0x0000000000000124
                [!provide]                        PROVIDE (__data_start, .)
 *(.gnu.linkonce.d*)
 *(.gnu.linkonce.r*)
                0x0000000000804000                . = ALIGN (0x2)
                0x0000000000804000                _edata = .
                [!provide]                        PROVIDE (__data_end, .)

.bss            0x0000000000804000        0x0
                [!provide]                        PROVIDE (__bss_start, .)
 *(COMMON)
                [!provide]                        PROVIDE (__bss_end, .)
                0x0000000000000124                __data_load_start = LOADADDR (.data)
                0x0000000000000124                __data_load_end = (__data_load_start + SIZEOF (.data))

.noinit         0x0000000000804000        0x0
                [!provide]                        PROVIDE (__noinit_start, .)
 *(.noinit*)
                [!provide]                        PROVIDE (__noinit_end, .)
                0x0000000000804000                _end = .

.eeprom         0x0000000000810000        0x0
 *(.eeprom*)
                0x0000000000810000                __eeprom_end = .

.fuse           0x0000000000820000        0x9
 *(.fuse)
 .fuse          0x0000000000820000        0x9 build/default/production/mcc_generated_files/system/src/config_bits.o
                0x0000000000820000                __fuse
 *(.lfuse)
 *(.hfuse)
 *(.efuse)

.lock
 *(.lock*)

.signature
 *(.signature*)

.user_signatures
 *(.user_signatures*)

.bootrow
 *(.bootrow*)

.stab
 *(.stab)

.stabstr
 *(.stabstr)

.stab.excl
 *(.stab.excl)

.stab.exclstr
 *(.stab.exclstr)

.stab.index
 *(.stab.index)

.stab.indexstr
 *(.stab.indexstr)

.comment        0x0000000000000000       0x5b
 *(.comment)
 .comment       0x0000000000000000       0x2f build/default/production/mcc_generated_files/adc/src/adc0.o
                                         0x30 (size before relaxing)
 .comment       0x000000000000002f       0x30 build/default/production/mcc_generated_files/evsys/src/evsys.o
 .comment       0x000000000000002f       0x30 build/default/production/mcc_generated_files/system/src/clock.o
 .comment       0x000000000000002f       0x30 build/default/production/mcc_generated_files/system/src/config_bits.o
 .comment       0x000000000000002f       0x30 build/default/production/mcc_generated_files/system/src/interrupt.o
 .comment       0x000000000000002f       0x30 build/default/production/mcc_generated_files/system/src/system.o
 .comment       0x000000000000002f       0x30 build/default/production/mcc_generated_files/system/src/pins.o
 .comment       0x000000000000002f       0x30 build/default/production/mcc_generated_files/timer/src/rtc.o
 .comment       0x000000000000002f       0x30 build/default/production/mcc_generated_files/timer/src/tca0.o
 .comment       0x000000000000002f       0x30 build/default/production/mcc_generated_files/timer/src/tcb0.o
 .comment       0x000000000000002f       0x30 build/default/production/mcc_generated_files/vref/src/vref.o
 .comment       0x000000000000002f       0x30 build/default/production/main.o
 .comment       0x000000000000002f       0x30 build/default/production/dali_tx.o
 .comment       0x000000000000002f       0x2c c:/program files/microchip/xc8/v3.10/avr/bin/../lib/gcc/avr/5.4.0/../../../../avr/lib/avrxmega4/memx-const/mapped\libc.a(exit.o)
                                         0x2d (size before relaxing)
 .comment       0x000000000000005b       0x2d c:/program files/microchip/xc8/v3.10/avr/bin/../lib/gcc/avr/5.4.0/../../../../avr/lib/avrxmega4/memx-const/mapped\libc.a(_Exit.o)

.stack.descriptors.hdr
                0x0000000000000000       0x38
 .stack.descriptors.hdr
                0x0000000000000000        0xe c:/program files/microchip/xc8/v3.10/avr/bin/../lib/gcc/avr/5.4.0/avrxmega4/memx-const/mapped\libgcc.a(_umulhisi3.o)
 .stack.descriptors.hdr
                0x000000000000000e        0xe c:/program files/microchip/xc8/v3.10/avr/bin/../lib/gcc/avr/5.4.0/../../../../avr/lib/avrxmega4/memx-const/mapped\libc.a(exit.o)
 .stack.descriptors.hdr
                0x000000000000001c        0xe c:/program files/microchip/xc8/v3.10/avr/bin/../lib/gcc/avr/5.4.0/../../../../avr/lib/avrxmega4/memx-const/mapped\libc.a(_Exit.o)
 .stack.descriptors.hdr
                0x000000000000002a        0xe c:/program files/microchip/xc8/v3.10/avr/bin/../lib/gcc/avr/5.4.0/avrxmega4/memx-const/mapped\libgcc.a(_exit.o)

.stack.descriptors
                0x0000000000000000       0xb2
 .stack.descriptors
                0x0000000000000000       0x19 c:/program files/microchip/xc8/v3.10/avr/bin/../lib/gcc/avr/5.4.0/avrxmega4/memx-const/mapped\libgcc.a(_umulhisi3.o)
 .stack.descriptors
                0x0000000000000019       0x73 c:/program files/microchip/xc8/v3.10/avr/bin/../lib/gcc/avr/5.4.0/../../../../avr/lib/avrxmega4/memx-const/mapped\libc.a(exit.o)
 .stack.descriptors
                0x000000000000008c       0x13 c:/program files/microchip/xc8/v3.10/avr/bin/../lib/gcc/avr/5.4.0/../../../../avr/lib/avrxmega4/memx-const/mapped\libc.a(_Exit.o)
 .stack.descriptors
                0x000000000000009f       0x13 c:/program files/microchip/xc8/v3.10/avr/bin/../lib/gcc/avr/5.4.0/avrxmega4/memx-const/mapped\libgcc.a(_exit.o)

.note.GNU-stack
                0x0000000000000000        0x0
 .note.GNU-stack
                0x0000000000000000        0x0 c:/program files/microchip/xc8/v3.10/avr/bin/../lib/gcc/avr/5.4.0/../../../../avr/lib/avrxmega4/memx-const/mapped\libc.a(exit.o)
 .note.GNU-stack
                0x0000000000000000        0x0 c:/program files/microchip/xc8/v3.10/avr/bin/../lib/gcc/avr/5.4.0/../../../../avr/lib/avrxmega4/memx-const/mapped\libc.a(_Exit.o)

.note.gnu.build-id
 *(.note.gnu.build-id)

.debug
 *(.debug)

.line
 *(.line)

.debug_srcinfo
 *(.debug_srcinfo)

.debug_sfnames
 *(.debug_sfnames)

.debug_aranges  0x0000000000000000      0x588
 *(.debug_aranges)
 .debug_aranges
                0x0000000000000000      0x120 build/default/production/mcc_generated_files/adc/src/adc0.o
 .debug_aranges
                0x0000000000000120       0x28 build/default/production/mcc_generated_files/evsys/src/evsys.o
 .debug_aranges
                0x0000000000000148       0x30 build/default/production/mcc_generated_files/system/src/clock.o
 .debug_aranges
                0x0000000000000178       0x18 build/default/production/mcc_generated_files/system/src/config_bits.o
 .debug_aranges
                0x0000000000000190       0x20 build/default/production/mcc_generated_files/system/src/interrupt.o
 .debug_aranges
                0x00000000000001b0       0x28 build/default/production/mcc_generated_files/system/src/system.o
 .debug_aranges
                0x00000000000001d8       0x20 build/default/production/mcc_generated_files/system/src/protected_io.o
 .debug_aranges
                0x00000000000001f8       0x70 build/default/production/mcc_generated_files/system/src/pins.o
 .debug_aranges
                0x0000000000000268       0xc8 build/default/production/mcc_generated_files/timer/src/rtc.o
 .debug_aranges
                0x0000000000000330       0xb8 build/default/production/mcc_generated_files/timer/src/tca0.o
 .debug_aranges
                0x00000000000003e8       0xb8 build/default/production/mcc_generated_files/timer/src/tcb0.o
 .debug_aranges
                0x00000000000004a0       0x20 build/default/production/mcc_generated_files/vref/src/vref.o
 .debug_aranges
                0x00000000000004c0       0x58 build/default/production/main.o
 .debug_aranges
                0x0000000000000518       0x70 build/default/production/dali_tx.o

.debug_pubnames
 *(.debug_pubnames)

.debug_info     0x0000000000000000     0xbee6
 *(.debug_info .gnu.linkonce.wi.*)
 .debug_info    0x0000000000000000     0x272b C:/Program Files/Microchip/MPLABX/v6.25/packs/Microchip/AVR-Dx_DFP/2.7.321/xc8/avr/lib/avrxmega4/memx-const/mapped/crtavr128db28.o
 .debug_info    0x000000000000272b     0x1980 build/default/production/mcc_generated_files/adc/src/adc0.o
 .debug_info    0x00000000000040ab      0x85c build/default/production/mcc_generated_files/evsys/src/evsys.o
 .debug_info    0x0000000000004907      0xf26 build/default/production/mcc_generated_files/system/src/clock.o
 .debug_info    0x000000000000582d      0x8cb build/default/production/mcc_generated_files/system/src/config_bits.o
 .debug_info    0x00000000000060f8      0x41f build/default/production/mcc_generated_files/system/src/interrupt.o
 .debug_info    0x0000000000006517      0x53a build/default/production/mcc_generated_files/system/src/system.o
 .debug_info    0x0000000000006a51       0xa5 build/default/production/mcc_generated_files/system/src/protected_io.o
 .debug_info    0x0000000000006af6      0x8f6 build/default/production/mcc_generated_files/system/src/pins.o
 .debug_info    0x00000000000073ec      0x966 build/default/production/mcc_generated_files/timer/src/rtc.o
 .debug_info    0x0000000000007d52     0x120a build/default/production/mcc_generated_files/timer/src/tca0.o
 .debug_info    0x0000000000008f5c      0x9b9 build/default/production/mcc_generated_files/timer/src/tcb0.o
 .debug_info    0x0000000000009915      0x38b build/default/production/mcc_generated_files/vref/src/vref.o
 .debug_info    0x0000000000009ca0      0xf66 build/default/production/main.o
 .debug_info    0x000000000000ac06     0x12e0 build/default/production/dali_tx.o

.debug_abbrev   0x0000000000000000     0x37ce
 *(.debug_abbrev)
 .debug_abbrev  0x0000000000000000     0x2518 C:/Program Files/Microchip/MPLABX/v6.25/packs/Microchip/AVR-Dx_DFP/2.7.321/xc8/avr/lib/avrxmega4/memx-const/mapped/crtavr128db28.o
 .debug_abbrev  0x0000000000002518      0x1ba build/default/production/mcc_generated_files/adc/src/adc0.o
 .debug_abbrev  0x00000000000026d2       0xb3 build/default/production/mcc_generated_files/evsys/src/evsys.o
 .debug_abbrev  0x0000000000002785      0x135 build/default/production/mcc_generated_files/system/src/clock.o
 .debug_abbrev  0x00000000000028ba       0x97 build/default/production/mcc_generated_files/system/src/config_bits.o
 .debug_abbrev  0x0000000000002951       0xfa build/default/production/mcc_generated_files/system/src/interrupt.o
 .debug_abbrev  0x0000000000002a4b      0x130 build/default/production/mcc_generated_files/system/src/system.o
 .debug_abbrev  0x0000000000002b7b       0x14 build/default/production/mcc_generated_files/system/src/protected_io.o
 .debug_abbrev  0x0000000000002b8f      0x14a build/default/production/mcc_generated_files/system/src/pins.o
 .debug_abbrev  0x0000000000002cd9      0x14c build/default/production/mcc_generated_files/timer/src/rtc.o
 .debug_abbrev  0x0000000000002e25      0x1b6 build/default/production/mcc_generated_files/timer/src/tca0.o
 .debug_abbrev  0x0000000000002fdb      0x1e9 build/default/production/mcc_generated_files/timer/src/tcb0.o
 .debug_abbrev  0x00000000000031c4       0x8c build/default/production/mcc_generated_files/vref/src/vref.o
 .debug_abbrev  0x0000000000003250      0x310 build/default/production/main.o
 .debug_abbrev  0x0000000000003560      0x26e build/default/production/dali_tx.o

.debug_line     0x0000000000000000     0x2a83
 *(.debug_line .debug_line.* .debug_line_end)
 .debug_line    0x0000000000000000      0x1ce C:/Program Files/Microchip/MPLABX/v6.25/packs/Microchip/AVR-Dx_DFP/2.7.321/xc8/avr/lib/avrxmega4/memx-const/mapped/crtavr128db28.o
 .debug_line    0x00000000000001ce      0x555 build/default/production/mcc_generated_files/adc/src/adc0.o
 .debug_line    0x0000000000000723      0x225 build/default/production/mcc_generated_files/evsys/src/evsys.o
 .debug_line    0x0000000000000948      0x1d0 build/default/production/mcc_generated_files/system/src/clock.o
 .debug_line    0x0000000000000b18      0x103 build/default/production/mcc_generated_files/system/src/config_bits.o
 .debug_line    0x0000000000000c1b      0x19c build/default/production/mcc_generated_files/system/src/interrupt.o
 .debug_line    0x0000000000000db7      0x2f0 build/default/production/mcc_generated_files/system/src/system.o
 .debug_line    0x00000000000010a7       0x73 build/default/production/mcc_generated_files/system/src/protected_io.o
 .debug_line    0x000000000000111a      0x366 build/default/production/mcc_generated_files/system/src/pins.o
 .debug_line    0x0000000000001480      0x3ff build/default/production/mcc_generated_files/timer/src/rtc.o
 .debug_line    0x000000000000187f      0x3db build/default/production/mcc_generated_files/timer/src/tca0.o
 .debug_line    0x0000000000001c5a      0x376 build/default/production/mcc_generated_files/timer/src/tcb0.o
 .debug_line    0x0000000000001fd0      0x122 build/default/production/mcc_generated_files/vref/src/vref.o
 .debug_line    0x00000000000020f2      0x5be build/default/production/main.o
 .debug_line    0x00000000000026b0      0x3d3 build/default/production/dali_tx.o

.debug_frame    0x0000000000000000      0xb60
 *(.debug_frame)
 .debug_frame   0x0000000000000000      0x2b4 build/default/production/mcc_generated_files/adc/src/adc0.o
 .debug_frame   0x00000000000002b4       0x34 build/default/production/mcc_generated_files/evsys/src/evsys.o
 .debug_frame   0x00000000000002e8       0x44 build/default/production/mcc_generated_files/system/src/clock.o
 .debug_frame   0x000000000000032c       0x24 build/default/production/mcc_generated_files/system/src/interrupt.o
 .debug_frame   0x0000000000000350       0x34 build/default/production/mcc_generated_files/system/src/system.o
 .debug_frame   0x0000000000000384      0x118 build/default/production/mcc_generated_files/system/src/pins.o
 .debug_frame   0x000000000000049c      0x204 build/default/production/mcc_generated_files/timer/src/rtc.o
 .debug_frame   0x00000000000006a0      0x19c build/default/production/mcc_generated_files/timer/src/tca0.o
 .debug_frame   0x000000000000083c      0x19c build/default/production/mcc_generated_files/timer/src/tcb0.o
 .debug_frame   0x00000000000009d8       0x24 build/default/production/mcc_generated_files/vref/src/vref.o
 .debug_frame   0x00000000000009fc       0x94 build/default/production/main.o
 .debug_frame   0x0000000000000a90       0xd0 build/default/production/dali_tx.o

.debug_str      0x0000000000000000     0x13f9
 *(.debug_str)
 .debug_str     0x0000000000000000     0x111e C:/Program Files/Microchip/MPLABX/v6.25/packs/Microchip/AVR-Dx_DFP/2.7.321/xc8/avr/lib/avrxmega4/memx-const/mapped/crtavr128db28.o
 .debug_str     0x000000000000111e        0x9 build/default/production/mcc_generated_files/adc/src/adc0.o
 .debug_str     0x0000000000001127        0x0 build/default/production/mcc_generated_files/evsys/src/evsys.o
 .debug_str     0x0000000000001127       0x13 build/default/production/mcc_generated_files/system/src/clock.o
 .debug_str     0x000000000000113a        0x0 build/default/production/mcc_generated_files/system/src/config_bits.o
 .debug_str     0x000000000000113a       0x13 build/default/production/mcc_generated_files/system/src/interrupt.o
 .debug_str     0x000000000000114d       0xad build/default/production/mcc_generated_files/system/src/system.o
 .debug_str     0x00000000000011fa       0x30 build/default/production/mcc_generated_files/system/src/pins.o
 .debug_str     0x000000000000122a        0x9 build/default/production/mcc_generated_files/timer/src/rtc.o
 .debug_str     0x0000000000001233       0x62 build/default/production/mcc_generated_files/timer/src/tca0.o
 .debug_str     0x0000000000001295       0x10 build/default/production/mcc_generated_files/timer/src/tcb0.o
 .debug_str     0x00000000000012a5        0x0 build/default/production/mcc_generated_files/vref/src/vref.o
 .debug_str     0x00000000000012a5       0xd2 build/default/production/main.o
 .debug_str     0x0000000000001377       0x82 build/default/production/dali_tx.o

.debug_loc      0x0000000000000000      0x74e
 *(.debug_loc)
 .debug_loc     0x0000000000000000       0x6f build/default/production/mcc_generated_files/adc/src/adc0.o
 .debug_loc     0x000000000000006f      0x23a build/default/production/mcc_generated_files/system/src/clock.o
 .debug_loc     0x00000000000002a9       0x2a build/default/production/mcc_generated_files/system/src/interrupt.o
 .debug_loc     0x00000000000002d3       0x52 build/default/production/mcc_generated_files/system/src/system.o
 .debug_loc     0x0000000000000325       0x34 build/default/production/mcc_generated_files/timer/src/tca0.o
 .debug_loc     0x0000000000000359      0x10b build/default/production/main.o
 .debug_loc     0x0000000000000464      0x2ea build/default/production/dali_tx.o

.debug_macinfo
 *(.debug_macinfo)

.debug_weaknames
 *(.debug_weaknames)

.debug_funcnames
 *(.debug_funcnames)

.debug_typenames
 *(.debug_typenames)

.debug_varnames
 *(.debug_varnames)

.debug_pubtypes
 *(.debug_pubtypes)

.debug_ranges   0x0000000000000000      0x520
 *(.debug_ranges)
 .debug_ranges  0x0000000000000000      0x110 build/default/production/mcc_generated_files/adc/src/adc0.o
 .debug_ranges  0x0000000000000110       0x18 build/default/production/mcc_generated_files/evsys/src/evsys.o
 .debug_ranges  0x0000000000000128       0x20 build/default/production/mcc_generated_files/system/src/clock.o
 .debug_ranges  0x0000000000000148       0x10 build/default/production/mcc_generated_files/system/src/interrupt.o
 .debug_ranges  0x0000000000000158       0x18 build/default/production/mcc_generated_files/system/src/system.o
 .debug_ranges  0x0000000000000170       0x60 build/default/production/mcc_generated_files/system/src/pins.o
 .debug_ranges  0x00000000000001d0       0xb8 build/default/production/mcc_generated_files/timer/src/rtc.o
 .debug_ranges  0x0000000000000288       0xa8 build/default/production/mcc_generated_files/timer/src/tca0.o
 .debug_ranges  0x0000000000000330       0xa8 build/default/production/mcc_generated_files/timer/src/tcb0.o
 .debug_ranges  0x00000000000003d8       0x10 build/default/production/mcc_generated_files/vref/src/vref.o
 .debug_ranges  0x00000000000003e8       0xd8 build/default/production/main.o
 .debug_ranges  0x00000000000004c0       0x60 build/default/production/dali_tx.o

.debug_macro
 *(.debug_macro)
OUTPUT(dist/default/production/SlimmeStraatVerlichting_Volledig_28_V8.X.production.elf elf32-avr)
LOAD linker stubs
LOAD data_init

.data%z1        0x0000000000804000        0x0
 .data          0x0000000000804000        0x0 C:/Program Files/Microchip/MPLABX/v6.25/packs/Microchip/AVR-Dx_DFP/2.7.321/xc8/avr/lib/avrxmega4/memx-const/mapped/crtavr128db28.o

.bss%z2         0x0000000000804000        0x0
 .bss           0x0000000000804000        0x0 C:/Program Files/Microchip/MPLABX/v6.25/packs/Microchip/AVR-Dx_DFP/2.7.321/xc8/avr/lib/avrxmega4/memx-const/mapped/crtavr128db28.o

.note.gnu.avr.deviceinfo
                0x0000000000000000       0x40
 .note.gnu.avr.deviceinfo
                0x0000000000000000       0x40 C:/Program Files/Microchip/MPLABX/v6.25/packs/Microchip/AVR-Dx_DFP/2.7.321/xc8/avr/lib/avrxmega4/memx-const/mapped/crtavr128db28.o

.text%z3        0x0000000000000000        0x0
 .text          0x0000000000000000        0x0 build/default/production/mcc_generated_files/adc/src/adc0.o

.data%z4        0x0000000000804000        0x0
 .data          0x0000000000804000        0x0 build/default/production/mcc_generated_files/adc/src/adc0.o

.bss%z5         0x0000000000804000        0x0
 .bss           0x0000000000804000        0x0 build/default/production/mcc_generated_files/adc/src/adc0.o

.bss.ADC0_ThresholdCallback
                0x0000000000804004        0x2
 .bss.ADC0_ThresholdCallback
                0x0000000000804004        0x2 build/default/production/mcc_generated_files/adc/src/adc0.o

.bss.ADC0_ConversionDoneCallback
                0x0000000000804006        0x2
 .bss.ADC0_ConversionDoneCallback
                0x0000000000804006        0x2 build/default/production/mcc_generated_files/adc/src/adc0.o

.text%z6        0x0000000000000000        0x0
 .text          0x0000000000000000        0x0 build/default/production/mcc_generated_files/evsys/src/evsys.o

.data%z7        0x0000000000804000        0x0
 .data          0x0000000000804000        0x0 build/default/production/mcc_generated_files/evsys/src/evsys.o

.bss%z8         0x0000000000804000        0x0
 .bss           0x0000000000804000        0x0 build/default/production/mcc_generated_files/evsys/src/evsys.o

.text%z9        0x0000000000000000        0x0
 .text          0x0000000000000000        0x0 build/default/production/mcc_generated_files/system/src/clock.o

.data%z10       0x0000000000804000        0x0
 .data          0x0000000000804000        0x0 build/default/production/mcc_generated_files/system/src/clock.o

.bss%z11        0x0000000000804000        0x0
 .bss           0x0000000000804000        0x0 build/default/production/mcc_generated_files/system/src/clock.o

.text%z12       0x0000000000000000        0x0
 .text          0x0000000000000000        0x0 build/default/production/mcc_generated_files/system/src/config_bits.o

.data%z13       0x0000000000804000        0x0
 .data          0x0000000000804000        0x0 build/default/production/mcc_generated_files/system/src/config_bits.o

.bss%z14        0x0000000000804000        0x0
 .bss           0x0000000000804000        0x0 build/default/production/mcc_generated_files/system/src/config_bits.o

.text%z15       0x0000000000000000        0x0
 .text          0x0000000000000000        0x0 build/default/production/mcc_generated_files/system/src/interrupt.o

.data%z16       0x0000000000804000        0x0
 .data          0x0000000000804000        0x0 build/default/production/mcc_generated_files/system/src/interrupt.o

.bss%z17        0x0000000000804000        0x0
 .bss           0x0000000000804000        0x0 build/default/production/mcc_generated_files/system/src/interrupt.o

.text%z18       0x0000000000000000        0x0
 .text          0x0000000000000000        0x0 build/default/production/mcc_generated_files/system/src/system.o

.data%z19       0x0000000000804000        0x0
 .data          0x0000000000804000        0x0 build/default/production/mcc_generated_files/system/src/system.o

.bss%z20        0x0000000000804000        0x0
 .bss           0x0000000000804000        0x0 build/default/production/mcc_generated_files/system/src/system.o

.text%z21       0x0000000000000000        0x0
 .text          0x0000000000000000        0x0 build/default/production/mcc_generated_files/system/src/protected_io.o

.data%z22       0x0000000000804000        0x0
 .data          0x0000000000804000        0x0 build/default/production/mcc_generated_files/system/src/protected_io.o

.bss%z23        0x0000000000804000        0x0
 .bss           0x0000000000804000        0x0 build/default/production/mcc_generated_files/system/src/protected_io.o

.text%z24       0x0000000000000000        0x0
 .text          0x0000000000000000        0x0 build/default/production/mcc_generated_files/system/src/pins.o

.data%z25       0x0000000000804000        0x0
 .data          0x0000000000804000        0x0 build/default/production/mcc_generated_files/system/src/pins.o

.bss%z26        0x0000000000804000        0x0
 .bss           0x0000000000804000        0x0 build/default/production/mcc_generated_files/system/src/pins.o

.bss.DALI_InterruptHandler
                0x0000000000804008        0x2
 .bss.DALI_InterruptHandler
                0x0000000000804008        0x2 build/default/production/mcc_generated_files/system/src/pins.o

.bss.PIR_InterruptHandler
                0x000000000080400a        0x2
 .bss.PIR_InterruptHandler
                0x000000000080400a        0x2 build/default/production/mcc_generated_files/system/src/pins.o

.bss.IO_PD3_InterruptHandler
                0x000000000080400c        0x2
 .bss.IO_PD3_InterruptHandler
                0x000000000080400c        0x2 build/default/production/mcc_generated_files/system/src/pins.o

.text%z27       0x0000000000000000        0x0
 .text          0x0000000000000000        0x0 build/default/production/mcc_generated_files/timer/src/rtc.o

.data%z28       0x0000000000804000        0x0
 .data          0x0000000000804000        0x0 build/default/production/mcc_generated_files/timer/src/rtc.o

.bss%z29        0x0000000000804000        0x0
 .bss           0x0000000000804000        0x0 build/default/production/mcc_generated_files/timer/src/rtc.o

.bss.RTC_PIT_isr_cb
                0x000000000080400e        0x2
 .bss.RTC_PIT_isr_cb
                0x000000000080400e        0x2 build/default/production/mcc_generated_files/timer/src/rtc.o
                0x000000000080400e                RTC_PIT_isr_cb

.bss.RTC_CMP_isr_cb
                0x0000000000804010        0x2
 .bss.RTC_CMP_isr_cb
                0x0000000000804010        0x2 build/default/production/mcc_generated_files/timer/src/rtc.o
                0x0000000000804010                RTC_CMP_isr_cb

.bss.RTC_OVF_isr_cb
                0x0000000000804012        0x2
 .bss.RTC_OVF_isr_cb
                0x0000000000804012        0x2 build/default/production/mcc_generated_files/timer/src/rtc.o
                0x0000000000804012                RTC_OVF_isr_cb

.text%z30       0x0000000000000000        0x0
 .text          0x0000000000000000        0x0 build/default/production/mcc_generated_files/timer/src/tca0.o

.data%z31       0x0000000000804000        0x0
 .data          0x0000000000804000        0x0 build/default/production/mcc_generated_files/timer/src/tca0.o

.bss%z32        0x0000000000804000        0x0
 .bss           0x0000000000804000        0x0 build/default/production/mcc_generated_files/timer/src/tca0.o

.bss.TCA0_OVFCallback
                0x0000000000804014        0x2
 .bss.TCA0_OVFCallback
                0x0000000000804014        0x2 build/default/production/mcc_generated_files/timer/src/tca0.o

.text%z33       0x0000000000000000        0x0
 .text          0x0000000000000000        0x0 build/default/production/mcc_generated_files/timer/src/tcb0.o

.data%z34       0x0000000000804000        0x0
 .data          0x0000000000804000        0x0 build/default/production/mcc_generated_files/timer/src/tcb0.o

.bss%z35        0x0000000000804000        0x0
 .bss           0x0000000000804000        0x0 build/default/production/mcc_generated_files/timer/src/tcb0.o

.bss.TCB0_CAPT_isr_cb
                0x0000000000804016        0x2
 .bss.TCB0_CAPT_isr_cb
                0x0000000000804016        0x2 build/default/production/mcc_generated_files/timer/src/tcb0.o

.bss.TCB0_OVF_isr_cb
                0x0000000000804018        0x2
 .bss.TCB0_OVF_isr_cb
                0x0000000000804018        0x2 build/default/production/mcc_generated_files/timer/src/tcb0.o

.text%z36       0x0000000000000000        0x0
 .text          0x0000000000000000        0x0 build/default/production/mcc_generated_files/vref/src/vref.o

.data%z37       0x0000000000804000        0x0
 .data          0x0000000000804000        0x0 build/default/production/mcc_generated_files/vref/src/vref.o

.bss%z38        0x0000000000804000        0x0
 .bss           0x0000000000804000        0x0 build/default/production/mcc_generated_files/vref/src/vref.o

.text%z39       0x0000000000000000        0x0
 .text          0x0000000000000000        0x0 build/default/production/main.o

.data%z40       0x0000000000804000        0x0
 .data          0x0000000000804000        0x0 build/default/production/main.o

.bss%z41        0x0000000000804000        0x0
 .bss           0x0000000000804000        0x0 build/default/production/main.o

.bss.currentEvent
                0x0000000000804024        0x1
 .bss.currentEvent
                0x0000000000804024        0x1 build/default/production/main.o
                0x0000000000804024                currentEvent

.bss.currentState
                0x0000000000804025        0x1
 .bss.currentState
                0x0000000000804025        0x1 build/default/production/main.o
                0x0000000000804025                currentState

.bss.pir_flag   0x0000000000804026        0x1
 .bss.pir_flag  0x0000000000804026        0x1 build/default/production/main.o
                0x0000000000804026                pir_flag

.bss.lampAan    0x0000000000804027        0x1
 .bss.lampAan   0x0000000000804027        0x1 build/default/production/main.o
                0x0000000000804027                lampAan

.bss.knipper_flag
                0x0000000000804028        0x1
 .bss.knipper_flag
                0x0000000000804028        0x1 build/default/production/main.o
                0x0000000000804028                knipper_flag

.bss.knipperen  0x0000000000804029        0x1
 .bss.knipperen
                0x0000000000804029        0x1 build/default/production/main.o
                0x0000000000804029                knipperen

.bss.knipperTeller
                0x000000000080401a        0x2
 .bss.knipperTeller
                0x000000000080401a        0x2 build/default/production/main.o
                0x000000000080401a                knipperTeller

.bss.geluidTeller
                0x000000000080401c        0x2
 .bss.geluidTeller
                0x000000000080401c        0x2 build/default/production/main.o
                0x000000000080401c                geluidTeller

.bss.idleTeller
                0x000000000080401e        0x2
 .bss.idleTeller
                0x000000000080401e        0x2 build/default/production/main.o
                0x000000000080401e                idleTeller

.bss.timerTeller
                0x0000000000804020        0x2
 .bss.timerTeller
                0x0000000000804020        0x2 build/default/production/main.o
                0x0000000000804020                timerTeller

.bss.geluidActief
                0x000000000080402a        0x1
 .bss.geluidActief
                0x000000000080402a        0x1 build/default/production/main.o
                0x000000000080402a                geluidActief

.bss.sendflag   0x000000000080402b        0x1
 .bss.sendflag  0x000000000080402b        0x1 build/default/production/main.o
                0x000000000080402b                sendflag

.bss.adc_res    0x0000000000804022        0x2
 .bss.adc_res   0x0000000000804022        0x2 build/default/production/main.o
                0x0000000000804022                adc_res

.text%z42       0x0000000000000000        0x0
 .text          0x0000000000000000        0x0 build/default/production/dali_tx.o

.data%z43       0x0000000000804000        0x0
 .data          0x0000000000804000        0x0 build/default/production/dali_tx.o

.bss%z44        0x0000000000804000        0x0
 .bss           0x0000000000804000        0x0 build/default/production/dali_tx.o

.bss.current_bit
                0x000000000080402d        0x1
 .bss.current_bit
                0x000000000080402d        0x1 build/default/production/dali_tx.o

.bss.dali_frame
                0x0000000000804000        0x4
 .bss.dali_frame
                0x0000000000804000        0x4 build/default/production/dali_tx.o

.bss.dali_state
                0x000000000080402e        0x1
 .bss.dali_state
                0x000000000080402e        0x1 build/default/production/dali_tx.o

.text%z45       0x0000000000000000        0x0
 .text          0x0000000000000000        0x0 c:/program files/microchip/xc8/v3.10/avr/bin/../lib/gcc/avr/5.4.0/avrxmega4/memx-const/mapped\libgcc.a(_copy_data.o)

.data%z46       0x0000000000804000        0x0
 .data          0x0000000000804000        0x0 c:/program files/microchip/xc8/v3.10/avr/bin/../lib/gcc/avr/5.4.0/avrxmega4/memx-const/mapped\libgcc.a(_copy_data.o)

.bss%z47        0x0000000000804000        0x0
 .bss           0x0000000000804000        0x0 c:/program files/microchip/xc8/v3.10/avr/bin/../lib/gcc/avr/5.4.0/avrxmega4/memx-const/mapped\libgcc.a(_copy_data.o)

.text.libgcc.mul%z48
                0x0000000000000000        0x0
 .text.libgcc.mul
                0x0000000000000000        0x0 c:/program files/microchip/xc8/v3.10/avr/bin/../lib/gcc/avr/5.4.0/avrxmega4/memx-const/mapped\libgcc.a(_copy_data.o)

.text.libgcc.div%z49
                0x0000000000000000        0x0
 .text.libgcc.div
                0x0000000000000000        0x0 c:/program files/microchip/xc8/v3.10/avr/bin/../lib/gcc/avr/5.4.0/avrxmega4/memx-const/mapped\libgcc.a(_copy_data.o)

.text.libgcc%z50
                0x0000000000000000        0x0
 .text.libgcc   0x0000000000000000        0x0 c:/program files/microchip/xc8/v3.10/avr/bin/../lib/gcc/avr/5.4.0/avrxmega4/memx-const/mapped\libgcc.a(_copy_data.o)

.text.libgcc.prologue%z51
                0x0000000000000000        0x0
 .text.libgcc.prologue
                0x0000000000000000        0x0 c:/program files/microchip/xc8/v3.10/avr/bin/../lib/gcc/avr/5.4.0/avrxmega4/memx-const/mapped\libgcc.a(_copy_data.o)

.text.libgcc.builtins%z52
                0x0000000000000000        0x0
 .text.libgcc.builtins
                0x0000000000000000        0x0 c:/program files/microchip/xc8/v3.10/avr/bin/../lib/gcc/avr/5.4.0/avrxmega4/memx-const/mapped\libgcc.a(_copy_data.o)

.text.libgcc.fmul%z53
                0x0000000000000000        0x0
 .text.libgcc.fmul
                0x0000000000000000        0x0 c:/program files/microchip/xc8/v3.10/avr/bin/../lib/gcc/avr/5.4.0/avrxmega4/memx-const/mapped\libgcc.a(_copy_data.o)

.text.libgcc.fixed%z54
                0x0000000000000000        0x0
 .text.libgcc.fixed
                0x0000000000000000        0x0 c:/program files/microchip/xc8/v3.10/avr/bin/../lib/gcc/avr/5.4.0/avrxmega4/memx-const/mapped\libgcc.a(_copy_data.o)

.text%z55       0x0000000000000000        0x0
 .text          0x0000000000000000        0x0 c:/program files/microchip/xc8/v3.10/avr/bin/../lib/gcc/avr/5.4.0/avrxmega4/memx-const/mapped\libgcc.a(_umulhisi3.o)

.data%z56       0x0000000000804000        0x0
 .data          0x0000000000804000        0x0 c:/program files/microchip/xc8/v3.10/avr/bin/../lib/gcc/avr/5.4.0/avrxmega4/memx-const/mapped\libgcc.a(_umulhisi3.o)

.bss%z57        0x0000000000804000        0x0
 .bss           0x0000000000804000        0x0 c:/program files/microchip/xc8/v3.10/avr/bin/../lib/gcc/avr/5.4.0/avrxmega4/memx-const/mapped\libgcc.a(_umulhisi3.o)

.text.libgcc.div%z58
                0x0000000000000000        0x0
 .text.libgcc.div
                0x0000000000000000        0x0 c:/program files/microchip/xc8/v3.10/avr/bin/../lib/gcc/avr/5.4.0/avrxmega4/memx-const/mapped\libgcc.a(_umulhisi3.o)

.text.libgcc%z59
                0x0000000000000000        0x0
 .text.libgcc   0x0000000000000000        0x0 c:/program files/microchip/xc8/v3.10/avr/bin/../lib/gcc/avr/5.4.0/avrxmega4/memx-const/mapped\libgcc.a(_umulhisi3.o)

.text.libgcc.prologue%z60
                0x0000000000000000        0x0
 .text.libgcc.prologue
                0x0000000000000000        0x0 c:/program files/microchip/xc8/v3.10/avr/bin/../lib/gcc/avr/5.4.0/avrxmega4/memx-const/mapped\libgcc.a(_umulhisi3.o)

.text.libgcc.builtins%z61
                0x0000000000000000        0x0
 .text.libgcc.builtins
                0x0000000000000000        0x0 c:/program files/microchip/xc8/v3.10/avr/bin/../lib/gcc/avr/5.4.0/avrxmega4/memx-const/mapped\libgcc.a(_umulhisi3.o)

.text.libgcc.fmul%z62
                0x0000000000000000        0x0
 .text.libgcc.fmul
                0x0000000000000000        0x0 c:/program files/microchip/xc8/v3.10/avr/bin/../lib/gcc/avr/5.4.0/avrxmega4/memx-const/mapped\libgcc.a(_umulhisi3.o)

.text.libgcc.fixed%z63
                0x0000000000000000        0x0
 .text.libgcc.fixed
                0x0000000000000000        0x0 c:/program files/microchip/xc8/v3.10/avr/bin/../lib/gcc/avr/5.4.0/avrxmega4/memx-const/mapped\libgcc.a(_umulhisi3.o)

.text%z64       0x0000000000000000        0x0
 .text          0x0000000000000000        0x0 c:/program files/microchip/xc8/v3.10/avr/bin/../lib/gcc/avr/5.4.0/../../../../avr/lib/avrxmega4/memx-const/mapped\libc.a(exit.o)

.data%z65       0x0000000000804000        0x0
 .data          0x0000000000804000        0x0 c:/program files/microchip/xc8/v3.10/avr/bin/../lib/gcc/avr/5.4.0/../../../../avr/lib/avrxmega4/memx-const/mapped\libc.a(exit.o)

.bss%z66        0x0000000000804000        0x0
 .bss           0x0000000000804000        0x0 c:/program files/microchip/xc8/v3.10/avr/bin/../lib/gcc/avr/5.4.0/../../../../avr/lib/avrxmega4/memx-const/mapped\libc.a(exit.o)

.text%z67       0x0000000000000000        0x0
 .text          0x0000000000000000        0x0 c:/program files/microchip/xc8/v3.10/avr/bin/../lib/gcc/avr/5.4.0/../../../../avr/lib/avrxmega4/memx-const/mapped\libc.a(_Exit.o)

.data%z68       0x0000000000804000        0x0
 .data          0x0000000000804000        0x0 c:/program files/microchip/xc8/v3.10/avr/bin/../lib/gcc/avr/5.4.0/../../../../avr/lib/avrxmega4/memx-const/mapped\libc.a(_Exit.o)

.bss%z69        0x0000000000804000        0x0
 .bss           0x0000000000804000        0x0 c:/program files/microchip/xc8/v3.10/avr/bin/../lib/gcc/avr/5.4.0/../../../../avr/lib/avrxmega4/memx-const/mapped\libc.a(_Exit.o)

.text%z70       0x0000000000000000        0x0
 .text          0x0000000000000000        0x0 c:/program files/microchip/xc8/v3.10/avr/bin/../lib/gcc/avr/5.4.0/avrxmega4/memx-const/mapped\libgcc.a(_exit.o)

.data%z71       0x0000000000804000        0x0
 .data          0x0000000000804000        0x0 c:/program files/microchip/xc8/v3.10/avr/bin/../lib/gcc/avr/5.4.0/avrxmega4/memx-const/mapped\libgcc.a(_exit.o)

.bss%z72        0x0000000000804000        0x0
 .bss           0x0000000000804000        0x0 c:/program files/microchip/xc8/v3.10/avr/bin/../lib/gcc/avr/5.4.0/avrxmega4/memx-const/mapped\libgcc.a(_exit.o)

.text.libgcc.mul%z73
                0x0000000000000000        0x0
 .text.libgcc.mul
                0x0000000000000000        0x0 c:/program files/microchip/xc8/v3.10/avr/bin/../lib/gcc/avr/5.4.0/avrxmega4/memx-const/mapped\libgcc.a(_exit.o)

.text.libgcc.div%z74
                0x0000000000000000        0x0
 .text.libgcc.div
                0x0000000000000000        0x0 c:/program files/microchip/xc8/v3.10/avr/bin/../lib/gcc/avr/5.4.0/avrxmega4/memx-const/mapped\libgcc.a(_exit.o)

.text.libgcc%z75
                0x0000000000000000        0x0
 .text.libgcc   0x0000000000000000        0x0 c:/program files/microchip/xc8/v3.10/avr/bin/../lib/gcc/avr/5.4.0/avrxmega4/memx-const/mapped\libgcc.a(_exit.o)

.text.libgcc.prologue%z76
                0x0000000000000000        0x0
 .text.libgcc.prologue
                0x0000000000000000        0x0 c:/program files/microchip/xc8/v3.10/avr/bin/../lib/gcc/avr/5.4.0/avrxmega4/memx-const/mapped\libgcc.a(_exit.o)

.text.libgcc.builtins%z77
                0x0000000000000000        0x0
 .text.libgcc.builtins
                0x0000000000000000        0x0 c:/program files/microchip/xc8/v3.10/avr/bin/../lib/gcc/avr/5.4.0/avrxmega4/memx-const/mapped\libgcc.a(_exit.o)

.text.libgcc.fmul%z78
                0x0000000000000000        0x0
 .text.libgcc.fmul
                0x0000000000000000        0x0 c:/program files/microchip/xc8/v3.10/avr/bin/../lib/gcc/avr/5.4.0/avrxmega4/memx-const/mapped\libgcc.a(_exit.o)

.text.libgcc.fixed%z79
                0x0000000000000000        0x0
 .text.libgcc.fixed
                0x0000000000000000        0x0 c:/program files/microchip/xc8/v3.10/avr/bin/../lib/gcc/avr/5.4.0/avrxmega4/memx-const/mapped\libgcc.a(_exit.o)

.text.main      0x0000000000000124      0x250
 .text.main     0x0000000000000124      0x250 build/default/production/main.o
                0x0000000000000124                main

.text.PIN_MANAGER_Initialize
                0x0000000000000374       0xd8
 .text.PIN_MANAGER_Initialize
                0x0000000000000374       0xd8 build/default/production/mcc_generated_files/system/src/pins.o
                0x0000000000000374                PIN_MANAGER_Initialize

.text.TCB0_InterruptHandler
                0x000000000000044c       0xce
 .text.TCB0_InterruptHandler
                0x000000000000044c       0xce build/default/production/main.o
                0x000000000000044c                TCB0_InterruptHandler

.text.DALI_TCA0_Callback
                0x000000000000051a       0xba
 .text.DALI_TCA0_Callback
                0x000000000000051a       0xba build/default/production/dali_tx.o

.text.CLOCK_Initialize
                0x00000000000005d4       0x90
 .text.CLOCK_Initialize
                0x00000000000005d4       0x90 build/default/production/mcc_generated_files/system/src/clock.o
                0x00000000000005d4                CLOCK_Initialize

.text.__vector_5
                0x0000000000000664       0x8e
 .text.__vector_5
                0x0000000000000664       0x8e build/default/production/mcc_generated_files/timer/src/rtc.o
                0x0000000000000664                __vector_5

.text.__vector_14
                0x00000000000006f2       0x84
 .text.__vector_14
                0x00000000000006f2       0x84 build/default/production/mcc_generated_files/timer/src/tcb0.o
                0x00000000000006f2                __vector_14

.text.EVSYS_Initialize
                0x0000000000000776       0x7c
 .text.EVSYS_Initialize
                0x0000000000000776       0x7c build/default/production/mcc_generated_files/evsys/src/evsys.o
                0x0000000000000776                EVSYS_Initialize

.text.__vector_24
                0x00000000000007f2       0x7a
 .text.__vector_24
                0x00000000000007f2       0x7a build/default/production/mcc_generated_files/system/src/pins.o
                0x00000000000007f2                __vector_24

.text.__vector_26
                0x000000000000086c       0x60
 .text.__vector_26
                0x000000000000086c       0x60 build/default/production/mcc_generated_files/adc/src/adc0.o
                0x000000000000086c                __vector_26

.text.__vector_27
                0x00000000000008cc       0x60
 .text.__vector_27
                0x00000000000008cc       0x60 build/default/production/mcc_generated_files/adc/src/adc0.o
                0x00000000000008cc                __vector_27

.text.__vector_6
                0x000000000000092c       0x60
 .text.__vector_6
                0x000000000000092c       0x60 build/default/production/mcc_generated_files/timer/src/rtc.o
                0x000000000000092c                __vector_6

.text.__vector_9
                0x000000000000098c       0x60
 .text.__vector_9
                0x000000000000098c       0x60 build/default/production/mcc_generated_files/timer/src/tca0.o
                0x000000000000098c                __vector_9

.text.ADC0_Initialize
                0x00000000000009ec       0x4c
 .text.ADC0_Initialize
                0x00000000000009ec       0x4c build/default/production/mcc_generated_files/adc/src/adc0.o
                0x00000000000009ec                ADC0_Initialize

.text.DALI_TX_SendFrame
                0x0000000000000a38       0x48
 .text.DALI_TX_SendFrame
                0x0000000000000a38       0x48 build/default/production/dali_tx.o
                0x0000000000000a38                DALI_TX_SendFrame

.text.DALI_TX_SendCommand
                0x0000000000000a80       0x42
 .text.DALI_TX_SendCommand
                0x0000000000000a80       0x42 build/default/production/dali_tx.o

.text.TCB0_Initialize
                0x0000000000000ac2       0x3e
 .text.TCB0_Initialize
                0x0000000000000ac2       0x3e build/default/production/mcc_generated_files/timer/src/tcb0.o
                0x0000000000000ac2                TCB0_Initialize

.text.RTC_Initialize
                0x0000000000000b00       0x3c
 .text.RTC_Initialize
                0x0000000000000b00       0x3c build/default/production/mcc_generated_files/timer/src/rtc.o
                0x0000000000000b00                RTC_Initialize

.text.DALI_SetGroupLevel
                0x0000000000000b3c       0x3c
 .text.DALI_SetGroupLevel
                0x0000000000000b3c       0x3c build/default/production/dali_tx.o
                0x0000000000000b3c                DALI_SetGroupLevel

.text.TCA0_Initialize
                0x0000000000000b78       0x3a
 .text.TCA0_Initialize
                0x0000000000000b78       0x3a build/default/production/mcc_generated_files/timer/src/tca0.o
                0x0000000000000b78                TCA0_Initialize

.text.TCA0_Deinitialize
                0x0000000000000bb2       0x3a
 .text.TCA0_Deinitialize
                0x0000000000000bb2       0x3a build/default/production/mcc_generated_files/timer/src/tca0.o
                0x0000000000000bb2                TCA0_Deinitialize

.text.verwerkADC
                0x0000000000000bec       0x38
 .text.verwerkADC
                0x0000000000000bec       0x38 build/default/production/main.o

.text.DALI_SetLampLevel
                0x0000000000000c24       0x38
 .text.DALI_SetLampLevel
                0x0000000000000c24       0x38 build/default/production/dali_tx.o
                0x0000000000000c24                DALI_SetLampLevel

.text.DALI_SetLevel
                0x0000000000000c5c       0x34
 .text.DALI_SetLevel
                0x0000000000000c5c       0x34 build/default/production/dali_tx.o
                0x0000000000000c5c                DALI_SetLevel

.text.DALI_TX_Init
                0x0000000000000c90       0x30
 .text.DALI_TX_Init
                0x0000000000000c90       0x30 build/default/production/dali_tx.o
                0x0000000000000c90                DALI_TX_Init

.text.SYSTEM_Initialize
                0x0000000000000cc0       0x2a
 .text.SYSTEM_Initialize
                0x0000000000000cc0       0x2a build/default/production/mcc_generated_files/system/src/system.o
                0x0000000000000cc0                SYSTEM_Initialize

.text.ADC0_Deinitialize
                0x0000000000000cea       0x28
 .text.ADC0_Deinitialize
                0x0000000000000cea       0x28 build/default/production/mcc_generated_files/adc/src/adc0.o
                0x0000000000000cea                ADC0_Deinitialize

.text.TCB0_Deinitialize
                0x0000000000000d12       0x24
 .text.TCB0_Deinitialize
                0x0000000000000d12       0x24 build/default/production/mcc_generated_files/timer/src/tcb0.o
                0x0000000000000d12                TCB0_Deinitialize

.text.TCA0_ModeSet
                0x0000000000000d36       0x20
 .text.TCA0_ModeSet
                0x0000000000000d36       0x20 build/default/production/mcc_generated_files/timer/src/tca0.o
                0x0000000000000d36                TCA0_ModeSet

.text.libgcc.mul
                0x0000000000000d56       0x1e
 .text.libgcc.mul
                0x0000000000000d56       0x1e c:/program files/microchip/xc8/v3.10/avr/bin/../lib/gcc/avr/5.4.0/avrxmega4/memx-const/mapped\libgcc.a(_umulhisi3.o)
                0x0000000000000d56                __umulhisi3

.text.ADC0_ChannelSelectAndConvert
                0x0000000000000d74       0x1c
 .text.ADC0_ChannelSelectAndConvert
                0x0000000000000d74       0x1c build/default/production/mcc_generated_files/adc/src/adc0.o
                0x0000000000000d74                ADC0_ChannelSelectAndConvert

.text.SLPCTRL_Initialize
                0x0000000000000d90       0x1c
 .text.SLPCTRL_Initialize
                0x0000000000000d90       0x1c build/default/production/mcc_generated_files/system/src/system.o
                0x0000000000000d90                SLPCTRL_Initialize

.text.ADC0_ComputationModeSet
                0x0000000000000dac       0x1a
 .text.ADC0_ComputationModeSet
                0x0000000000000dac       0x1a build/default/production/mcc_generated_files/adc/src/adc0.o
                0x0000000000000dac                ADC0_ComputationModeSet

.text.CPUINT_Initialize
                0x0000000000000dc6       0x1a
 .text.CPUINT_Initialize
                0x0000000000000dc6       0x1a build/default/production/mcc_generated_files/system/src/interrupt.o
                0x0000000000000dc6                CPUINT_Initialize

.text.startTimer
                0x0000000000000de0       0x1a
 .text.startTimer
                0x0000000000000de0       0x1a build/default/production/main.o

.text.ADC0_Interrupt_handler
                0x0000000000000dfa       0x18
 .text.ADC0_Interrupt_handler
                0x0000000000000dfa       0x18 build/default/production/main.o
                0x0000000000000dfa                ADC0_Interrupt_handler

.text.RTC_WriteCounter
                0x0000000000000e12       0x16
 .text.RTC_WriteCounter
                0x0000000000000e12       0x16 build/default/production/mcc_generated_files/timer/src/rtc.o
                0x0000000000000e12                RTC_WriteCounter

.text.RTC_WritePeriod
                0x0000000000000e28       0x16
 .text.RTC_WritePeriod
                0x0000000000000e28       0x16 build/default/production/mcc_generated_files/timer/src/rtc.o
                0x0000000000000e28                RTC_WritePeriod

.text.exit      0x0000000000000e3e       0x16
 .text.exit     0x0000000000000e3e       0x16 c:/program files/microchip/xc8/v3.10/avr/bin/../lib/gcc/avr/5.4.0/../../../../avr/lib/avrxmega4/memx-const/mapped\libc.a(exit.o)
                0x0000000000000e3e                exit

.text.daliAan   0x0000000000000e54       0x14
 .text.daliAan  0x0000000000000e54       0x14 build/default/production/main.o

.text.CFD_Disable
                0x0000000000000e68       0x12
 .text.CFD_Disable
                0x0000000000000e68       0x12 build/default/production/mcc_generated_files/system/src/clock.o
                0x0000000000000e68                CFD_Disable

.text.daliUit   0x0000000000000e7a       0x12
 .text.daliUit  0x0000000000000e7a       0x12 build/default/production/main.o

.text.ADC0_ResolutionGet
                0x0000000000000e8c       0x10
 .text.ADC0_ResolutionGet
                0x0000000000000e8c       0x10 build/default/production/mcc_generated_files/adc/src/adc0.o
                0x0000000000000e8c                ADC0_ResolutionGet

.text.CFD_Enable
                0x0000000000000e9c       0x10
 .text.CFD_Enable
                0x0000000000000e9c       0x10 build/default/production/mcc_generated_files/system/src/clock.o
                0x0000000000000e9c                CFD_Enable

.text.VREF_Initialize
                0x0000000000000eac       0x10
 .text.VREF_Initialize
                0x0000000000000eac       0x10 build/default/production/mcc_generated_files/vref/src/vref.o
                0x0000000000000eac                VREF_Initialize

.text.DALI_GotoScene
                0x0000000000000ebc       0x10
 .text.DALI_GotoScene
                0x0000000000000ebc       0x10 build/default/production/dali_tx.o
                0x0000000000000ebc                DALI_GotoScene

.text.ADC0_AccumulatedResultGet
                0x0000000000000ecc        0xe
 .text.ADC0_AccumulatedResultGet
                0x0000000000000ecc        0xe build/default/production/mcc_generated_files/adc/src/adc0.o
                0x0000000000000ecc                ADC0_AccumulatedResultGet

.text.DALI_TX_Busy
                0x0000000000000eda        0xe
 .text.DALI_TX_Busy
                0x0000000000000eda        0xe build/default/production/dali_tx.o
                0x0000000000000eda                DALI_TX_Busy

.text.ADC0_Enable
                0x0000000000000ee8        0xc
 .text.ADC0_Enable
                0x0000000000000ee8        0xc build/default/production/mcc_generated_files/adc/src/adc0.o
                0x0000000000000ee8                ADC0_Enable

.text.ADC0_Disable
                0x0000000000000ef4        0xc
 .text.ADC0_Disable
                0x0000000000000ef4        0xc build/default/production/mcc_generated_files/adc/src/adc0.o
                0x0000000000000ef4                ADC0_Disable

.text.ADC0_ConversionStart
                0x0000000000000f00        0xc
 .text.ADC0_ConversionStart
                0x0000000000000f00        0xc build/default/production/mcc_generated_files/adc/src/adc0.o
                0x0000000000000f00                ADC0_ConversionStart

.text.ADC0_ConversionDoneInterruptEnable
                0x0000000000000f0c        0xc
 .text.ADC0_ConversionDoneInterruptEnable
                0x0000000000000f0c        0xc build/default/production/mcc_generated_files/adc/src/adc0.o
                0x0000000000000f0c                ADC0_ConversionDoneInterruptEnable

.text.ADC0_ConversionDoneInterruptDisable
                0x0000000000000f18        0xc
 .text.ADC0_ConversionDoneInterruptDisable
                0x0000000000000f18        0xc build/default/production/mcc_generated_files/adc/src/adc0.o
                0x0000000000000f18                ADC0_ConversionDoneInterruptDisable

.text.ADC0_ConversionStop
                0x0000000000000f24        0xc
 .text.ADC0_ConversionStop
                0x0000000000000f24        0xc build/default/production/mcc_generated_files/adc/src/adc0.o
                0x0000000000000f24                ADC0_ConversionStop

.text.ADC0_ThresholdInterruptEnable
                0x0000000000000f30        0xc
 .text.ADC0_ThresholdInterruptEnable
                0x0000000000000f30        0xc build/default/production/mcc_generated_files/adc/src/adc0.o
                0x0000000000000f30                ADC0_ThresholdInterruptEnable

.text.ADC0_ThresholdInterruptDisable
                0x0000000000000f3c        0xc
 .text.ADC0_ThresholdInterruptDisable
                0x0000000000000f3c        0xc build/default/production/mcc_generated_files/adc/src/adc0.o
                0x0000000000000f3c                ADC0_ThresholdInterruptDisable

.text.ADC0_ContinuousConversionEnable
                0x0000000000000f48        0xc
 .text.ADC0_ContinuousConversionEnable
                0x0000000000000f48        0xc build/default/production/mcc_generated_files/adc/src/adc0.o
                0x0000000000000f48                ADC0_ContinuousConversionEnable

.text.ADC0_ContinuousConversionDisable
                0x0000000000000f54        0xc
 .text.ADC0_ContinuousConversionDisable
                0x0000000000000f54        0xc build/default/production/mcc_generated_files/adc/src/adc0.o
                0x0000000000000f54                ADC0_ContinuousConversionDisable

.text.ADC0_AutoTriggerEnable
                0x0000000000000f60        0xc
 .text.ADC0_AutoTriggerEnable
                0x0000000000000f60        0xc build/default/production/mcc_generated_files/adc/src/adc0.o
                0x0000000000000f60                ADC0_AutoTriggerEnable

.text.ADC0_AutoTriggerDisable
                0x0000000000000f6c        0xc
 .text.ADC0_AutoTriggerDisable
                0x0000000000000f6c        0xc build/default/production/mcc_generated_files/adc/src/adc0.o
                0x0000000000000f6c                ADC0_AutoTriggerDisable

.text.RTC_Start
                0x0000000000000f78        0xc
 .text.RTC_Start
                0x0000000000000f78        0xc build/default/production/mcc_generated_files/timer/src/rtc.o
                0x0000000000000f78                RTC_Start

.text.RTC_Stop  0x0000000000000f84        0xc
 .text.RTC_Stop
                0x0000000000000f84        0xc build/default/production/mcc_generated_files/timer/src/rtc.o
                0x0000000000000f84                RTC_Stop

.text.RTC_EnableCMPInterrupt
                0x0000000000000f90        0xc
 .text.RTC_EnableCMPInterrupt
                0x0000000000000f90        0xc build/default/production/mcc_generated_files/timer/src/rtc.o
                0x0000000000000f90                RTC_EnableCMPInterrupt

.text.RTC_DisableCMPInterrupt
                0x0000000000000f9c        0xc
 .text.RTC_DisableCMPInterrupt
                0x0000000000000f9c        0xc build/default/production/mcc_generated_files/timer/src/rtc.o
                0x0000000000000f9c                RTC_DisableCMPInterrupt

.text.RTC_EnableOVFInterrupt
                0x0000000000000fa8        0xc
 .text.RTC_EnableOVFInterrupt
                0x0000000000000fa8        0xc build/default/production/mcc_generated_files/timer/src/rtc.o
                0x0000000000000fa8                RTC_EnableOVFInterrupt

.text.RTC_DisableOVFInterrupt
                0x0000000000000fb4        0xc
 .text.RTC_DisableOVFInterrupt
                0x0000000000000fb4        0xc build/default/production/mcc_generated_files/timer/src/rtc.o
                0x0000000000000fb4                RTC_DisableOVFInterrupt

.text.RTC_EnablePITInterrupt
                0x0000000000000fc0        0xc
 .text.RTC_EnablePITInterrupt
                0x0000000000000fc0        0xc build/default/production/mcc_generated_files/timer/src/rtc.o
                0x0000000000000fc0                RTC_EnablePITInterrupt

.text.RTC_DisablePITInterrupt
                0x0000000000000fcc        0xc
 .text.RTC_DisablePITInterrupt
                0x0000000000000fcc        0xc build/default/production/mcc_generated_files/timer/src/rtc.o
                0x0000000000000fcc                RTC_DisablePITInterrupt

.text.RTC_IsOVFInterruptEnabled
                0x0000000000000fd8        0xc
 .text.RTC_IsOVFInterruptEnabled
                0x0000000000000fd8        0xc build/default/production/mcc_generated_files/timer/src/rtc.o
                0x0000000000000fd8                RTC_IsOVFInterruptEnabled

.text.TCA0_Start
                0x0000000000000fe4        0xc
 .text.TCA0_Start
                0x0000000000000fe4        0xc build/default/production/mcc_generated_files/timer/src/tca0.o
                0x0000000000000fe4                TCA0_Start

.text.TCA0_Stop
                0x0000000000000ff0        0xc
 .text.TCA0_Stop
                0x0000000000000ff0        0xc build/default/production/mcc_generated_files/timer/src/tca0.o
                0x0000000000000ff0                TCA0_Stop

.text.TCB0_Start
                0x0000000000000ffc        0xc
 .text.TCB0_Start
                0x0000000000000ffc        0xc build/default/production/mcc_generated_files/timer/src/tcb0.o
                0x0000000000000ffc                TCB0_Start

.text.TCB0_Stop
                0x0000000000001008        0xc
 .text.TCB0_Stop
                0x0000000000001008        0xc build/default/production/mcc_generated_files/timer/src/tcb0.o
                0x0000000000001008                TCB0_Stop

.text.TCB0_CAPTInterruptEnable
                0x0000000000001014        0xc
 .text.TCB0_CAPTInterruptEnable
                0x0000000000001014        0xc build/default/production/mcc_generated_files/timer/src/tcb0.o
                0x0000000000001014                TCB0_CAPTInterruptEnable

.text.TCB0_CAPTInterruptDisable
                0x0000000000001020        0xc
 .text.TCB0_CAPTInterruptDisable
                0x0000000000001020        0xc build/default/production/mcc_generated_files/timer/src/tcb0.o
                0x0000000000001020                TCB0_CAPTInterruptDisable

.text.TCB0_OVFInterruptEnable
                0x000000000000102c        0xc
 .text.TCB0_OVFInterruptEnable
                0x000000000000102c        0xc build/default/production/mcc_generated_files/timer/src/tcb0.o
                0x000000000000102c                TCB0_OVFInterruptEnable

.text.TCB0_OVFInterruptDisable
                0x0000000000001038        0xc
 .text.TCB0_OVFInterruptDisable
                0x0000000000001038        0xc build/default/production/mcc_generated_files/timer/src/tcb0.o
                0x0000000000001038                TCB0_OVFInterruptDisable

.text.TCB0_IsCaptInterruptEnabled
                0x0000000000001044        0xc
 .text.TCB0_IsCaptInterruptEnabled
                0x0000000000001044        0xc build/default/production/mcc_generated_files/timer/src/tcb0.o
                0x0000000000001044                TCB0_IsCaptInterruptEnabled

.text.TCB0_IsOvfInterruptEnabled
                0x0000000000001050        0xc
 .text.TCB0_IsOvfInterruptEnabled
                0x0000000000001050        0xc build/default/production/mcc_generated_files/timer/src/tcb0.o
                0x0000000000001050                TCB0_IsOvfInterruptEnabled

.text.ADC0_IsConversionDone
                0x000000000000105c        0xa
 .text.ADC0_IsConversionDone
                0x000000000000105c        0xa build/default/production/mcc_generated_files/adc/src/adc0.o
                0x000000000000105c                ADC0_IsConversionDone

.text.ADC0_ConversionResultGet
                0x0000000000001066        0xa
 .text.ADC0_ConversionResultGet
                0x0000000000001066        0xa build/default/production/mcc_generated_files/adc/src/adc0.o
                0x0000000000001066                ADC0_ConversionResultGet

.text.ADC0_ConversionDoneCallbackRegister
                0x0000000000001070        0xa
 .text.ADC0_ConversionDoneCallbackRegister
                0x0000000000001070        0xa build/default/production/mcc_generated_files/adc/src/adc0.o
                0x0000000000001070                ADC0_ConversionDoneCallbackRegister

.text.ADC0_UpperThresholdSet
                0x000000000000107a        0xa
 .text.ADC0_UpperThresholdSet
                0x000000000000107a        0xa build/default/production/mcc_generated_files/adc/src/adc0.o
                0x000000000000107a                ADC0_UpperThresholdSet

.text.ADC0_LowerThresholdSet
                0x0000000000001084        0xa
 .text.ADC0_LowerThresholdSet
                0x0000000000001084        0xa build/default/production/mcc_generated_files/adc/src/adc0.o
                0x0000000000001084                ADC0_LowerThresholdSet

.text.ADC0_ThresholdCallbackRegister
                0x000000000000108e        0xa
 .text.ADC0_ThresholdCallbackRegister
                0x000000000000108e        0xa build/default/production/mcc_generated_files/adc/src/adc0.o
                0x000000000000108e                ADC0_ThresholdCallbackRegister

.text.ADC0_IsThresholdInterruptFlagSet
                0x0000000000001098        0xa
 .text.ADC0_IsThresholdInterruptFlagSet
                0x0000000000001098        0xa build/default/production/mcc_generated_files/adc/src/adc0.o
                0x0000000000001098                ADC0_IsThresholdInterruptFlagSet

.text.protected_write_io
                0x00000000000010a2        0xa
 .text.protected_write_io
                0x00000000000010a2        0xa build/default/production/mcc_generated_files/system/src/protected_io.o
                0x00000000000010a2                protected_write_io

.text.IO_PD3_SetInterruptHandler
                0x00000000000010ac        0xa
 .text.IO_PD3_SetInterruptHandler
                0x00000000000010ac        0xa build/default/production/mcc_generated_files/system/src/pins.o
                0x00000000000010ac                IO_PD3_SetInterruptHandler

.text.PIR_SetInterruptHandler
                0x00000000000010b6        0xa
 .text.PIR_SetInterruptHandler
                0x00000000000010b6        0xa build/default/production/mcc_generated_files/system/src/pins.o
                0x00000000000010b6                PIR_SetInterruptHandler

.text.DALI_SetInterruptHandler
                0x00000000000010c0        0xa
 .text.DALI_SetInterruptHandler
                0x00000000000010c0        0xa build/default/production/mcc_generated_files/system/src/pins.o
                0x00000000000010c0                DALI_SetInterruptHandler

.text.__vector_8
                0x00000000000010ca        0xa
 .text.__vector_8
                0x00000000000010ca        0xa build/default/production/mcc_generated_files/system/src/pins.o
                0x00000000000010ca                __vector_8

.text.__vector_30
                0x00000000000010d4        0xa
 .text.__vector_30
                0x00000000000010d4        0xa build/default/production/mcc_generated_files/system/src/pins.o
                0x00000000000010d4                __vector_30

.text.__vector_35
                0x00000000000010de        0xa
 .text.__vector_35
                0x00000000000010de        0xa build/default/production/mcc_generated_files/system/src/pins.o
                0x00000000000010de                __vector_35

.text.RTC_SetOVFIsrCallback
                0x00000000000010e8        0xa
 .text.RTC_SetOVFIsrCallback
                0x00000000000010e8        0xa build/default/production/mcc_generated_files/timer/src/rtc.o
                0x00000000000010e8                RTC_SetOVFIsrCallback

.text.RTC_SetCMPIsrCallback
                0x00000000000010f2        0xa
 .text.RTC_SetCMPIsrCallback
                0x00000000000010f2        0xa build/default/production/mcc_generated_files/timer/src/rtc.o
                0x00000000000010f2                RTC_SetCMPIsrCallback

.text.RTC_SetPITIsrCallback
                0x00000000000010fc        0xa
 .text.RTC_SetPITIsrCallback
                0x00000000000010fc        0xa build/default/production/mcc_generated_files/timer/src/rtc.o
                0x00000000000010fc                RTC_SetPITIsrCallback

.text.RTC_ReadCounter
                0x0000000000001106        0xa
 .text.RTC_ReadCounter
                0x0000000000001106        0xa build/default/production/mcc_generated_files/timer/src/rtc.o
                0x0000000000001106                RTC_ReadCounter

.text.RTC_ReadPeriod
                0x0000000000001110        0xa
 .text.RTC_ReadPeriod
                0x0000000000001110        0xa build/default/production/mcc_generated_files/timer/src/rtc.o
                0x0000000000001110                RTC_ReadPeriod

.text.RTC_WriteCMPRegister
                0x000000000000111a        0xa
 .text.RTC_WriteCMPRegister
                0x000000000000111a        0xa build/default/production/mcc_generated_files/timer/src/rtc.o
                0x000000000000111a                RTC_WriteCMPRegister

.text.RTC_ReadCMPRegister
                0x0000000000001124        0xa
 .text.RTC_ReadCMPRegister
                0x0000000000001124        0xa build/default/production/mcc_generated_files/timer/src/rtc.o
                0x0000000000001124                RTC_ReadCMPRegister

.text.TCA0_CounterSet
                0x000000000000112e        0xa
 .text.TCA0_CounterSet
                0x000000000000112e        0xa build/default/production/mcc_generated_files/timer/src/tca0.o
                0x000000000000112e                TCA0_CounterSet

.text.TCA0_CounterGet
                0x0000000000001138        0xa
 .text.TCA0_CounterGet
                0x0000000000001138        0xa build/default/production/mcc_generated_files/timer/src/tca0.o
                0x0000000000001138                TCA0_CounterGet

.text.TCA0_PeriodSet
                0x0000000000001142        0xa
 .text.TCA0_PeriodSet
                0x0000000000001142        0xa build/default/production/mcc_generated_files/timer/src/tca0.o
                0x0000000000001142                TCA0_PeriodSet

.text.TCA0_PeriodGet
                0x000000000000114c        0xa
 .text.TCA0_PeriodGet
                0x000000000000114c        0xa build/default/production/mcc_generated_files/timer/src/tca0.o
                0x000000000000114c                TCA0_PeriodGet

.text.TCA0_Compare0Set
                0x0000000000001156        0xa
 .text.TCA0_Compare0Set
                0x0000000000001156        0xa build/default/production/mcc_generated_files/timer/src/tca0.o
                0x0000000000001156                TCA0_Compare0Set

.text.TCA0_Compare1Set
                0x0000000000001160        0xa
 .text.TCA0_Compare1Set
                0x0000000000001160        0xa build/default/production/mcc_generated_files/timer/src/tca0.o
                0x0000000000001160                TCA0_Compare1Set

.text.TCA0_Compare2Set
                0x000000000000116a        0xa
 .text.TCA0_Compare2Set
                0x000000000000116a        0xa build/default/production/mcc_generated_files/timer/src/tca0.o
                0x000000000000116a                TCA0_Compare2Set

.text.TCA0_OverflowCallbackRegister
                0x0000000000001174        0xa
 .text.TCA0_OverflowCallbackRegister
                0x0000000000001174        0xa build/default/production/mcc_generated_files/timer/src/tca0.o
                0x0000000000001174                TCA0_OverflowCallbackRegister

.text.TCB0_CounterSet
                0x000000000000117e        0xa
 .text.TCB0_CounterSet
                0x000000000000117e        0xa build/default/production/mcc_generated_files/timer/src/tcb0.o
                0x000000000000117e                TCB0_CounterSet

.text.TCB0_CounterGet
                0x0000000000001188        0xa
 .text.TCB0_CounterGet
                0x0000000000001188        0xa build/default/production/mcc_generated_files/timer/src/tcb0.o
                0x0000000000001188                TCB0_CounterGet

.text.TCB0_PeriodSet
                0x0000000000001192        0xa
 .text.TCB0_PeriodSet
                0x0000000000001192        0xa build/default/production/mcc_generated_files/timer/src/tcb0.o
                0x0000000000001192                TCB0_PeriodSet

.text.TCB0_PeriodGet
                0x000000000000119c        0xa
 .text.TCB0_PeriodGet
                0x000000000000119c        0xa build/default/production/mcc_generated_files/timer/src/tcb0.o
                0x000000000000119c                TCB0_PeriodGet

.text.TCB0_OverflowCallbackRegister
                0x00000000000011a6        0xa
 .text.TCB0_OverflowCallbackRegister
                0x00000000000011a6        0xa build/default/production/mcc_generated_files/timer/src/tcb0.o
                0x00000000000011a6                TCB0_OverflowCallbackRegister

.text.TCB0_CaptureCallbackRegister
                0x00000000000011b0        0xa
 .text.TCB0_CaptureCallbackRegister
                0x00000000000011b0        0xa build/default/production/mcc_generated_files/timer/src/tcb0.o
                0x00000000000011b0                TCB0_CaptureCallbackRegister

.text.DALI_LampOn
                0x00000000000011ba        0xa
 .text.DALI_LampOn
                0x00000000000011ba        0xa build/default/production/dali_tx.o
                0x00000000000011ba                DALI_LampOn

.text.DALI_LampOff
                0x00000000000011c4        0xa
 .text.DALI_LampOff
                0x00000000000011c4        0xa build/default/production/dali_tx.o
                0x00000000000011c4                DALI_LampOff

.text.ADC0_SampleRepeatCountSet
                0x00000000000011ce        0x8
 .text.ADC0_SampleRepeatCountSet
                0x00000000000011ce        0x8 build/default/production/mcc_generated_files/adc/src/adc0.o
                0x00000000000011ce                ADC0_SampleRepeatCountSet

.text.ADC0_IsConversionDoneInterruptFlagSet
                0x00000000000011d6        0x8
 .text.ADC0_IsConversionDoneInterruptFlagSet
                0x00000000000011d6        0x8 build/default/production/mcc_generated_files/adc/src/adc0.o
                0x00000000000011d6                ADC0_IsConversionDoneInterruptFlagSet

.text.ADC0_ConversionDoneInterruptFlagClear
                0x00000000000011de        0x8
 .text.ADC0_ConversionDoneInterruptFlagClear
                0x00000000000011de        0x8 build/default/production/mcc_generated_files/adc/src/adc0.o
                0x00000000000011de                ADC0_ConversionDoneInterruptFlagClear

.text.ADC0_ThresholdInterruptFlagClear
                0x00000000000011e6        0x8
 .text.ADC0_ThresholdInterruptFlagClear
                0x00000000000011e6        0x8 build/default/production/mcc_generated_files/adc/src/adc0.o
                0x00000000000011e6                ADC0_ThresholdInterruptFlagClear

.text.RTC_ClearOVFInterruptFlag
                0x00000000000011ee        0x8
 .text.RTC_ClearOVFInterruptFlag
                0x00000000000011ee        0x8 build/default/production/mcc_generated_files/timer/src/rtc.o
                0x00000000000011ee                RTC_ClearOVFInterruptFlag

.text.TCA0_InterruptEnable
                0x00000000000011f6        0x8
 .text.TCA0_InterruptEnable
                0x00000000000011f6        0x8 build/default/production/mcc_generated_files/timer/src/tca0.o
                0x00000000000011f6                TCA0_InterruptEnable

.text.PIR_interruptHandler
                0x00000000000011fe        0x8
 .text.PIR_interruptHandler
                0x00000000000011fe        0x8 build/default/production/main.o
                0x00000000000011fe                PIR_interruptHandler

.text.ADC0_ChannelSelect
                0x0000000000001206        0x6
 .text.ADC0_ChannelSelect
                0x0000000000001206        0x6 build/default/production/mcc_generated_files/adc/src/adc0.o
                0x0000000000001206                ADC0_ChannelSelect

.text.ADC0_ThresholdModeSet
                0x000000000000120c        0x6
 .text.ADC0_ThresholdModeSet
                0x000000000000120c        0x6 build/default/production/mcc_generated_files/adc/src/adc0.o
                0x000000000000120c                ADC0_ThresholdModeSet

.text.EVSYS_SoftwareEventASet
                0x0000000000001212        0x6
 .text.EVSYS_SoftwareEventASet
                0x0000000000001212        0x6 build/default/production/mcc_generated_files/evsys/src/evsys.o
                0x0000000000001212                EVSYS_SoftwareEventASet

.text.TCA0_MaxCountGet
                0x0000000000001218        0x6
 .text.TCA0_MaxCountGet
                0x0000000000001218        0x6 build/default/production/mcc_generated_files/timer/src/tca0.o
                0x0000000000001218                TCA0_MaxCountGet

.text.TCA0_InterruptDisable
                0x000000000000121e        0x6
 .text.TCA0_InterruptDisable
                0x000000000000121e        0x6 build/default/production/mcc_generated_files/timer/src/tca0.o
                0x000000000000121e                TCA0_InterruptDisable

.text.TCB0_MaxCountGet
                0x0000000000001224        0x6
 .text.TCB0_MaxCountGet
                0x0000000000001224        0x6 build/default/production/mcc_generated_files/timer/src/tcb0.o
                0x0000000000001224                TCB0_MaxCountGet

.text           0x000000000000122a        0x4
 .text          0x000000000000122a        0x4 C:/Program Files/Microchip/MPLABX/v6.25/packs/Microchip/AVR-Dx_DFP/2.7.321/xc8/avr/lib/avrxmega4/memx-const/mapped/crtavr128db28.o
                0x000000000000122a                __vector_38
                0x000000000000122a                __vector_22
                0x000000000000122a                __vector_28
                0x000000000000122a                __vector_1
                0x000000000000122a                __vector_32
                0x000000000000122a                __vector_34
                0x000000000000122a                __vector_12
                0x000000000000122a                __bad_interrupt
                0x000000000000122a                __vector_31
                0x000000000000122a                __vector_39
                0x000000000000122a                __vector_3
                0x000000000000122a                __vector_23
                0x000000000000122a                __vector_25
                0x000000000000122a                __vector_11
                0x000000000000122a                __vector_13
                0x000000000000122a                __vector_17
                0x000000000000122a                __vector_19
                0x000000000000122a                __vector_7
                0x000000000000122a                __vector_41
                0x000000000000122a                __vector_33
                0x000000000000122a                __vector_37
                0x000000000000122a                __vector_4
                0x000000000000122a                __vector_2
                0x000000000000122a                __vector_21
                0x000000000000122a                __vector_15
                0x000000000000122a                __vector_36
                0x000000000000122a                __vector_29
                0x000000000000122a                __vector_40
                0x000000000000122a                __vector_10
                0x000000000000122a                __vector_16
                0x000000000000122a                __vector_18
                0x000000000000122a                __vector_20

.text._Exit     0x000000000000122e        0x4
 .text._Exit    0x000000000000122e        0x4 c:/program files/microchip/xc8/v3.10/avr/bin/../lib/gcc/avr/5.4.0/../../../../avr/lib/avrxmega4/memx-const/mapped\libc.a(_Exit.o)
                0x000000000000122e                _Exit

.text.IO_PD3_DefaultInterruptHandler
                0x0000000000001232        0x2
 .text.IO_PD3_DefaultInterruptHandler
                0x0000000000001232        0x2 build/default/production/mcc_generated_files/system/src/pins.o
                0x0000000000001232                IO_PD3_DefaultInterruptHandler

.text.PIR_DefaultInterruptHandler
                0x0000000000001234        0x2
 .text.PIR_DefaultInterruptHandler
                0x0000000000001234        0x2 build/default/production/mcc_generated_files/system/src/pins.o
                0x0000000000001234                PIR_DefaultInterruptHandler

.text.DALI_DefaultInterruptHandler
                0x0000000000001236        0x2
 .text.DALI_DefaultInterruptHandler
                0x0000000000001236        0x2 build/default/production/mcc_generated_files/system/src/pins.o
                0x0000000000001236                DALI_DefaultInterruptHandler

.text.TCA0_Compare0CallbackRegister
                0x0000000000001238        0x2
 .text.TCA0_Compare0CallbackRegister
                0x0000000000001238        0x2 build/default/production/mcc_generated_files/timer/src/tca0.o
                0x0000000000001238                TCA0_Compare0CallbackRegister

.text.TCA0_Compare1CallbackRegister
                0x000000000000123a        0x2
 .text.TCA0_Compare1CallbackRegister
                0x000000000000123a        0x2 build/default/production/mcc_generated_files/timer/src/tca0.o
                0x000000000000123a                TCA0_Compare1CallbackRegister

.text.TCA0_Compare2CallbackRegister
                0x000000000000123c        0x2
 .text.TCA0_Compare2CallbackRegister
                0x000000000000123c        0x2 build/default/production/mcc_generated_files/timer/src/tca0.o
                0x000000000000123c                TCA0_Compare2CallbackRegister

.text.TCB0_DefaultOverflowCallback
                0x000000000000123e        0x2
 .text.TCB0_DefaultOverflowCallback
                0x000000000000123e        0x2 build/default/production/mcc_generated_files/timer/src/tcb0.o

.text.TCB0_DefaultCaptureCallback
                0x0000000000001240        0x2
 .text.TCB0_DefaultCaptureCallback
                0x0000000000001240        0x2 build/default/production/mcc_generated_files/timer/src/tcb0.o

.text.__dummy_fini
                0x0000000000001242        0x2
 .text.__dummy_fini
                0x0000000000001242        0x2 c:/program files/microchip/xc8/v3.10/avr/bin/../lib/gcc/avr/5.4.0/../../../../avr/lib/avrxmega4/memx-const/mapped\libc.a(exit.o)
                0x0000000000001242                _fini

.text.__dummy_funcs_on_exit
                0x0000000000001244        0x2
 .text.__dummy_funcs_on_exit
                0x0000000000001244        0x2 c:/program files/microchip/xc8/v3.10/avr/bin/../lib/gcc/avr/5.4.0/../../../../avr/lib/avrxmega4/memx-const/mapped\libc.a(exit.o)
                0x0000000000001244                __funcs_on_exit

.text.__dummy_simulator_exit
                0x0000000000001246        0x2
 .text.__dummy_simulator_exit
                0x0000000000001246        0x2 c:/program files/microchip/xc8/v3.10/avr/bin/../lib/gcc/avr/5.4.0/../../../../avr/lib/avrxmega4/memx-const/mapped\libc.a(exit.o)
                0x0000000000001246                __simulator_exit

.data.first_half
                0x000000000080402c        0x1 load address 0x0000000000001248
 .data.first_half
                0x000000000080402c        0x1 build/default/production/dali_tx.o
