Archive member included to satisfy reference by file (symbol)

c:/program files/microchip/xc8/v3.10/avr/bin/../lib/gcc/avr/5.4.0/avrxmega4/memx-const/mapped\libgcc.a(_udivmodsi4.o)
                              build/default/production/main.o (__udivmodsi4)
c:/program files/microchip/xc8/v3.10/avr/bin/../lib/gcc/avr/5.4.0/avrxmega4/memx-const/mapped\libgcc.a(_copy_data.o)
                              build/default/production/mcc_generated_files/system/src/config_bits.o (__do_copy_data)
c:/program files/microchip/xc8/v3.10/avr/bin/../lib/gcc/avr/5.4.0/avrxmega4/memx-const/mapped\libgcc.a(_umulhisi3.o)
                              build/default/production/main.o (__umulhisi3)
c:/program files/microchip/xc8/v3.10/avr/bin/../lib/gcc/avr/5.4.0/../../../../avr/lib/avrxmega4/memx-const/mapped\libc.a(exit.o)
                              C:/Program Files/Microchip/MPLABX/v6.25/packs/Microchip/AVR-Dx_DFP/2.7.321/xc8/avr/lib/avrxmega4/memx-const/mapped/crtavr128db48.o (exit)
c:/program files/microchip/xc8/v3.10/avr/bin/../lib/gcc/avr/5.4.0/../../../../avr/lib/avrxmega4/memx-const/mapped\libc.a(stdout.o)
                              build/default/production/mcc_generated_files/uart/src/usart3.o (_stdout)
c:/program files/microchip/xc8/v3.10/avr/bin/../lib/gcc/avr/5.4.0/../../../../avr/lib/avrxmega4/memx-const/mapped\libc.a(_Exit.o)
                              c:/program files/microchip/xc8/v3.10/avr/bin/../lib/gcc/avr/5.4.0/../../../../avr/lib/avrxmega4/memx-const/mapped\libc.a(exit.o) (_Exit)
c:/program files/microchip/xc8/v3.10/avr/bin/../lib/gcc/avr/5.4.0/avrxmega4/memx-const/mapped\libgcc.a(_exit.o)
                              c:/program files/microchip/xc8/v3.10/avr/bin/../lib/gcc/avr/5.4.0/../../../../avr/lib/avrxmega4/memx-const/mapped\libc.a(_Exit.o) (_exit)

Allocating common symbols
Common symbol       size              file

__stdout_used       0x2               c:/program files/microchip/xc8/v3.10/avr/bin/../lib/gcc/avr/5.4.0/../../../../avr/lib/avrxmega4/memx-const/mapped\libc.a(stdout.o)

Discarded input sections

 .data          0x0000000000000000        0x0 C:/Program Files/Microchip/MPLABX/v6.25/packs/Microchip/AVR-Dx_DFP/2.7.321/xc8/avr/lib/avrxmega4/memx-const/mapped/crtavr128db48.o
 .bss           0x0000000000000000        0x0 C:/Program Files/Microchip/MPLABX/v6.25/packs/Microchip/AVR-Dx_DFP/2.7.321/xc8/avr/lib/avrxmega4/memx-const/mapped/crtavr128db48.o
 .text          0x0000000000000000        0x0 build/default/production/mcc_generated_files/adc/src/adc0.o
 .data          0x0000000000000000        0x0 build/default/production/mcc_generated_files/adc/src/adc0.o
 .bss           0x0000000000000000        0x0 build/default/production/mcc_generated_files/adc/src/adc0.o
 .text.ADC0_Deinitialize
                0x0000000000000000       0x28 build/default/production/mcc_generated_files/adc/src/adc0.o
 .text.ADC0_Enable
                0x0000000000000000        0xc build/default/production/mcc_generated_files/adc/src/adc0.o
 .text.ADC0_Disable
                0x0000000000000000        0xc build/default/production/mcc_generated_files/adc/src/adc0.o
 .text.ADC0_ChannelSelect
                0x0000000000000000        0x6 build/default/production/mcc_generated_files/adc/src/adc0.o
 .text.ADC0_ConversionStart
                0x0000000000000000        0xc build/default/production/mcc_generated_files/adc/src/adc0.o
 .text.ADC0_ConversionDoneInterruptEnable
                0x0000000000000000        0xc build/default/production/mcc_generated_files/adc/src/adc0.o
 .text.ADC0_ConversionDoneInterruptDisable
                0x0000000000000000        0xc build/default/production/mcc_generated_files/adc/src/adc0.o
 .text.ADC0_IsConversionDone
                0x0000000000000000        0xa build/default/production/mcc_generated_files/adc/src/adc0.o
 .text.ADC0_ConversionResultGet
                0x0000000000000000        0xa build/default/production/mcc_generated_files/adc/src/adc0.o
 .text.ADC0_ChannelSelectAndConvert
                0x0000000000000000       0x1c build/default/production/mcc_generated_files/adc/src/adc0.o
 .text.ADC0_ResolutionGet
                0x0000000000000000       0x10 build/default/production/mcc_generated_files/adc/src/adc0.o
 .text.ADC0_ConversionStop
                0x0000000000000000        0xc build/default/production/mcc_generated_files/adc/src/adc0.o
 .text.ADC0_SampleRepeatCountSet
                0x0000000000000000        0x8 build/default/production/mcc_generated_files/adc/src/adc0.o
 .text.ADC0_ComputationModeSet
                0x0000000000000000       0x1a build/default/production/mcc_generated_files/adc/src/adc0.o
 .text.ADC0_UpperThresholdSet
                0x0000000000000000        0xa build/default/production/mcc_generated_files/adc/src/adc0.o
 .text.ADC0_LowerThresholdSet
                0x0000000000000000        0xa build/default/production/mcc_generated_files/adc/src/adc0.o
 .text.ADC0_ThresholdModeSet
                0x0000000000000000        0x6 build/default/production/mcc_generated_files/adc/src/adc0.o
 .text.ADC0_ThresholdInterruptEnable
                0x0000000000000000        0xc build/default/production/mcc_generated_files/adc/src/adc0.o
 .text.ADC0_ThresholdInterruptDisable
                0x0000000000000000        0xc build/default/production/mcc_generated_files/adc/src/adc0.o
 .text.ADC0_AccumulatedResultGet
                0x0000000000000000        0xe build/default/production/mcc_generated_files/adc/src/adc0.o
 .text.ADC0_ThresholdCallbackRegister
                0x0000000000000000        0xa build/default/production/mcc_generated_files/adc/src/adc0.o
 .text.ADC0_ContinuousConversionEnable
                0x0000000000000000        0xc build/default/production/mcc_generated_files/adc/src/adc0.o
 .text.ADC0_ContinuousConversionDisable
                0x0000000000000000        0xc build/default/production/mcc_generated_files/adc/src/adc0.o
 .text.ADC0_AutoTriggerEnable
                0x0000000000000000        0xc build/default/production/mcc_generated_files/adc/src/adc0.o
 .text.ADC0_AutoTriggerDisable
                0x0000000000000000        0xc build/default/production/mcc_generated_files/adc/src/adc0.o
 .text.ADC0_IsConversionDoneInterruptFlagSet
                0x0000000000000000        0x8 build/default/production/mcc_generated_files/adc/src/adc0.o
 .text.ADC0_ConversionDoneInterruptFlagClear
                0x0000000000000000        0x8 build/default/production/mcc_generated_files/adc/src/adc0.o
 .text.ADC0_IsThresholdInterruptFlagSet
                0x0000000000000000        0xa build/default/production/mcc_generated_files/adc/src/adc0.o
 .text.ADC0_ThresholdInterruptFlagClear
                0x0000000000000000        0x8 build/default/production/mcc_generated_files/adc/src/adc0.o
 .text          0x0000000000000000        0x0 build/default/production/mcc_generated_files/evsys/src/evsys.o
 .data          0x0000000000000000        0x0 build/default/production/mcc_generated_files/evsys/src/evsys.o
 .bss           0x0000000000000000        0x0 build/default/production/mcc_generated_files/evsys/src/evsys.o
 .text.EVSYS_SoftwareEventASet
                0x0000000000000000        0x6 build/default/production/mcc_generated_files/evsys/src/evsys.o
 .text.EVSYS_SoftwareEventBSet
                0x0000000000000000        0x6 build/default/production/mcc_generated_files/evsys/src/evsys.o
 .text          0x0000000000000000        0x0 build/default/production/mcc_generated_files/system/src/clock.o
 .data          0x0000000000000000        0x0 build/default/production/mcc_generated_files/system/src/clock.o
 .bss           0x0000000000000000        0x0 build/default/production/mcc_generated_files/system/src/clock.o
 .text.CFD_Enable
                0x0000000000000000       0x10 build/default/production/mcc_generated_files/system/src/clock.o
 .text.CFD_Disable
                0x0000000000000000       0x12 build/default/production/mcc_generated_files/system/src/clock.o
 .text          0x0000000000000000        0x0 build/default/production/mcc_generated_files/system/src/config_bits.o
 .data          0x0000000000000000        0x0 build/default/production/mcc_generated_files/system/src/config_bits.o
 .bss           0x0000000000000000        0x0 build/default/production/mcc_generated_files/system/src/config_bits.o
 .text          0x0000000000000000        0x0 build/default/production/mcc_generated_files/system/src/interrupt.o
 .data          0x0000000000000000        0x0 build/default/production/mcc_generated_files/system/src/interrupt.o
 .bss           0x0000000000000000        0x0 build/default/production/mcc_generated_files/system/src/interrupt.o
 .text          0x0000000000000000        0x0 build/default/production/mcc_generated_files/system/src/system.o
 .data          0x0000000000000000        0x0 build/default/production/mcc_generated_files/system/src/system.o
 .bss           0x0000000000000000        0x0 build/default/production/mcc_generated_files/system/src/system.o
 .text          0x0000000000000000        0x0 build/default/production/mcc_generated_files/system/src/protected_io.o
 .data          0x0000000000000000        0x0 build/default/production/mcc_generated_files/system/src/protected_io.o
 .bss           0x0000000000000000        0x0 build/default/production/mcc_generated_files/system/src/protected_io.o
 .text          0x0000000000000000        0x0 build/default/production/mcc_generated_files/system/src/pins.o
 .data          0x0000000000000000        0x0 build/default/production/mcc_generated_files/system/src/pins.o
 .bss           0x0000000000000000        0x0 build/default/production/mcc_generated_files/system/src/pins.o
 .text.IO_PD1_SetInterruptHandler
                0x0000000000000000        0xa build/default/production/mcc_generated_files/system/src/pins.o
 .text.IO_PB1_SetInterruptHandler
                0x0000000000000000        0xa build/default/production/mcc_generated_files/system/src/pins.o
 .text.IO_PB0_SetInterruptHandler
                0x0000000000000000        0xa build/default/production/mcc_generated_files/system/src/pins.o
 .text.IO_PD0_SetInterruptHandler
                0x0000000000000000        0xa build/default/production/mcc_generated_files/system/src/pins.o
 .text          0x0000000000000000        0x0 build/default/production/mcc_generated_files/timer/src/rtc.o
 .data          0x0000000000000000        0x0 build/default/production/mcc_generated_files/timer/src/rtc.o
 .bss           0x0000000000000000        0x0 build/default/production/mcc_generated_files/timer/src/rtc.o
 .text.RTC_Start
                0x0000000000000000        0xc build/default/production/mcc_generated_files/timer/src/rtc.o
 .text.RTC_Stop
                0x0000000000000000        0xc build/default/production/mcc_generated_files/timer/src/rtc.o
 .text.RTC_SetOVFIsrCallback
                0x0000000000000000        0xa build/default/production/mcc_generated_files/timer/src/rtc.o
 .text.RTC_SetCMPIsrCallback
                0x0000000000000000        0xa build/default/production/mcc_generated_files/timer/src/rtc.o
 .text.RTC_SetPITIsrCallback
                0x0000000000000000        0xa build/default/production/mcc_generated_files/timer/src/rtc.o
 .text.RTC_WriteCounter
                0x0000000000000000       0x16 build/default/production/mcc_generated_files/timer/src/rtc.o
 .text.RTC_ReadCounter
                0x0000000000000000        0xa build/default/production/mcc_generated_files/timer/src/rtc.o
 .text.RTC_WritePeriod
                0x0000000000000000       0x16 build/default/production/mcc_generated_files/timer/src/rtc.o
 .text.RTC_ReadPeriod
                0x0000000000000000        0xa build/default/production/mcc_generated_files/timer/src/rtc.o
 .text.RTC_EnableCMPInterrupt
                0x0000000000000000        0xc build/default/production/mcc_generated_files/timer/src/rtc.o
 .text.RTC_DisableCMPInterrupt
                0x0000000000000000        0xc build/default/production/mcc_generated_files/timer/src/rtc.o
 .text.RTC_EnableOVFInterrupt
                0x0000000000000000        0xc build/default/production/mcc_generated_files/timer/src/rtc.o
 .text.RTC_DisableOVFInterrupt
                0x0000000000000000        0xc build/default/production/mcc_generated_files/timer/src/rtc.o
 .text.RTC_EnablePITInterrupt
                0x0000000000000000        0xc build/default/production/mcc_generated_files/timer/src/rtc.o
 .text.RTC_DisablePITInterrupt
                0x0000000000000000        0xc build/default/production/mcc_generated_files/timer/src/rtc.o
 .text.RTC_ClearOVFInterruptFlag
                0x0000000000000000        0x8 build/default/production/mcc_generated_files/timer/src/rtc.o
 .text.RTC_IsOVFInterruptEnabled
                0x0000000000000000        0xc build/default/production/mcc_generated_files/timer/src/rtc.o
 .text.RTC_WriteCMPRegister
                0x0000000000000000        0xa build/default/production/mcc_generated_files/timer/src/rtc.o
 .text.RTC_ReadCMPRegister
                0x0000000000000000        0xa build/default/production/mcc_generated_files/timer/src/rtc.o
 .text          0x0000000000000000        0x0 build/default/production/mcc_generated_files/timer/src/tca0.o
 .data          0x0000000000000000        0x0 build/default/production/mcc_generated_files/timer/src/tca0.o
 .bss           0x0000000000000000        0x0 build/default/production/mcc_generated_files/timer/src/tca0.o
 .text.TCA0_Deinitialize
                0x0000000000000000       0x3a build/default/production/mcc_generated_files/timer/src/tca0.o
 .text.TCA0_Start
                0x0000000000000000        0xc build/default/production/mcc_generated_files/timer/src/tca0.o
 .text.TCA0_Stop
                0x0000000000000000        0xc build/default/production/mcc_generated_files/timer/src/tca0.o
 .text.TCA0_CounterSet
                0x0000000000000000        0xa build/default/production/mcc_generated_files/timer/src/tca0.o
 .text.TCA0_CounterGet
                0x0000000000000000        0xa build/default/production/mcc_generated_files/timer/src/tca0.o
 .text.TCA0_PeriodSet
                0x0000000000000000        0xa build/default/production/mcc_generated_files/timer/src/tca0.o
 .text.TCA0_PeriodGet
                0x0000000000000000        0xa build/default/production/mcc_generated_files/timer/src/tca0.o
 .text.TCA0_Compare0Set
                0x0000000000000000        0xa build/default/production/mcc_generated_files/timer/src/tca0.o
 .text.TCA0_Compare1Set
                0x0000000000000000        0xa build/default/production/mcc_generated_files/timer/src/tca0.o
 .text.TCA0_Compare2Set
                0x0000000000000000        0xa build/default/production/mcc_generated_files/timer/src/tca0.o
 .text.TCA0_MaxCountGet
                0x0000000000000000        0x6 build/default/production/mcc_generated_files/timer/src/tca0.o
 .text.TCA0_ModeSet
                0x0000000000000000       0x20 build/default/production/mcc_generated_files/timer/src/tca0.o
 .text.TCA0_OverflowStatusClear
                0x0000000000000000        0x8 build/default/production/mcc_generated_files/timer/src/tca0.o
 .text.TCA0_OverflowStatusGet
                0x0000000000000000        0x8 build/default/production/mcc_generated_files/timer/src/tca0.o
 .text.TCA0_CMP0MatchStatusClear
                0x0000000000000000        0x8 build/default/production/mcc_generated_files/timer/src/tca0.o
 .text.TCA0_CMP0MatchStatusGet
                0x0000000000000000        0xa build/default/production/mcc_generated_files/timer/src/tca0.o
 .text.TCA0_CMP1MatchStatusClear
                0x0000000000000000        0x8 build/default/production/mcc_generated_files/timer/src/tca0.o
 .text.TCA0_CMP1MatchStatusGet
                0x0000000000000000        0xc build/default/production/mcc_generated_files/timer/src/tca0.o
 .text.TCA0_CMP2MatchStatusClear
                0x0000000000000000        0x8 build/default/production/mcc_generated_files/timer/src/tca0.o
 .text.TCA0_CMP2MatchStatusGet
                0x0000000000000000        0xc build/default/production/mcc_generated_files/timer/src/tca0.o
 .text.TCA0_Tasks
                0x0000000000000000       0x72 build/default/production/mcc_generated_files/timer/src/tca0.o
 .text.TCA0_OverflowCallbackRegister
                0x0000000000000000        0xa build/default/production/mcc_generated_files/timer/src/tca0.o
 .text.TCA0_Compare0CallbackRegister
                0x0000000000000000        0xa build/default/production/mcc_generated_files/timer/src/tca0.o
 .text.TCA0_Compare1CallbackRegister
                0x0000000000000000        0xa build/default/production/mcc_generated_files/timer/src/tca0.o
 .text.TCA0_Compare2CallbackRegister
                0x0000000000000000        0xa build/default/production/mcc_generated_files/timer/src/tca0.o
 .bss.TCA0_OVFCallback
                0x0000000000000000        0x2 build/default/production/mcc_generated_files/timer/src/tca0.o
 .bss.TCA0_CMP2Callback
                0x0000000000000000        0x2 build/default/production/mcc_generated_files/timer/src/tca0.o
 .bss.TCA0_CMP1Callback
                0x0000000000000000        0x2 build/default/production/mcc_generated_files/timer/src/tca0.o
 .bss.TCA0_CMP0Callback
                0x0000000000000000        0x2 build/default/production/mcc_generated_files/timer/src/tca0.o
 .text          0x0000000000000000        0x0 build/default/production/mcc_generated_files/timer/src/tcb0.o
 .data          0x0000000000000000        0x0 build/default/production/mcc_generated_files/timer/src/tcb0.o
 .bss           0x0000000000000000        0x0 build/default/production/mcc_generated_files/timer/src/tcb0.o
 .text.TCB0_Deinitialize
                0x0000000000000000       0x24 build/default/production/mcc_generated_files/timer/src/tcb0.o
 .text.TCB0_CounterSet
                0x0000000000000000        0xa build/default/production/mcc_generated_files/timer/src/tcb0.o
 .text.TCB0_CounterGet
                0x0000000000000000        0xa build/default/production/mcc_generated_files/timer/src/tcb0.o
 .text.TCB0_PeriodSet
                0x0000000000000000        0xa build/default/production/mcc_generated_files/timer/src/tcb0.o
 .text.TCB0_PeriodGet
                0x0000000000000000        0xa build/default/production/mcc_generated_files/timer/src/tcb0.o
 .text.TCB0_MaxCountGet
                0x0000000000000000        0x6 build/default/production/mcc_generated_files/timer/src/tcb0.o
 .text.TCB0_CAPTInterruptEnable
                0x0000000000000000        0xc build/default/production/mcc_generated_files/timer/src/tcb0.o
 .text.TCB0_CAPTInterruptDisable
                0x0000000000000000        0xc build/default/production/mcc_generated_files/timer/src/tcb0.o
 .text.TCB0_OVFInterruptEnable
                0x0000000000000000        0xc build/default/production/mcc_generated_files/timer/src/tcb0.o
 .text.TCB0_OVFInterruptDisable
                0x0000000000000000        0xc build/default/production/mcc_generated_files/timer/src/tcb0.o
 .text.TCB0_IsCaptInterruptEnabled
                0x0000000000000000        0xc build/default/production/mcc_generated_files/timer/src/tcb0.o
 .text.TCB0_IsOvfInterruptEnabled
                0x0000000000000000        0xc build/default/production/mcc_generated_files/timer/src/tcb0.o
 .text.TCB0_OverflowCallbackRegister
                0x0000000000000000        0xa build/default/production/mcc_generated_files/timer/src/tcb0.o
 .text          0x0000000000000000        0x0 build/default/production/mcc_generated_files/uart/src/usart3.o
 .data          0x0000000000000000        0x0 build/default/production/mcc_generated_files/uart/src/usart3.o
 .bss           0x0000000000000000        0x0 build/default/production/mcc_generated_files/uart/src/usart3.o
 .text.USART3_Deinitialize
                0x0000000000000000       0x18 build/default/production/mcc_generated_files/uart/src/usart3.o
 .text.USART3_TransmitEnable
                0x0000000000000000        0xc build/default/production/mcc_generated_files/uart/src/usart3.o
 .text.USART3_TransmitDisable
                0x0000000000000000        0xc build/default/production/mcc_generated_files/uart/src/usart3.o
 .text.USART3_AutoBaudSet
                0x0000000000000000       0x28 build/default/production/mcc_generated_files/uart/src/usart3.o
 .text.USART3_AutoBaudQuery
                0x0000000000000000        0xa build/default/production/mcc_generated_files/uart/src/usart3.o
 .text.USART3_IsRxReady
                0x0000000000000000        0xc build/default/production/mcc_generated_files/uart/src/usart3.o
 .text.USART3_IsTxDone
                0x0000000000000000        0xc build/default/production/mcc_generated_files/uart/src/usart3.o
 .text.USART3_ErrorGet
                0x0000000000000000       0x72 build/default/production/mcc_generated_files/uart/src/usart3.o
 .text.USART3_Read
                0x0000000000000000        0x6 build/default/production/mcc_generated_files/uart/src/usart3.o
 .text.USART3_Write
                0x0000000000000000        0x6 build/default/production/mcc_generated_files/uart/src/usart3.o
 .text.USART3_FramingErrorCallbackRegister
                0x0000000000000000        0xe build/default/production/mcc_generated_files/uart/src/usart3.o
 .text.USART3_OverrunErrorCallbackRegister
                0x0000000000000000        0xe build/default/production/mcc_generated_files/uart/src/usart3.o
 .text.USART3_ParityErrorCallbackRegister
                0x0000000000000000        0xe build/default/production/mcc_generated_files/uart/src/usart3.o
 .text.USART3_Enable
                0x0000000000000000        0xc build/default/production/mcc_generated_files/uart/src/usart3.o
 .text.USART3_Disable
                0x0000000000000000        0xc build/default/production/mcc_generated_files/uart/src/usart3.o
 .text.USART3_ReceiveEnable
                0x0000000000000000        0xc build/default/production/mcc_generated_files/uart/src/usart3.o
 .text.USART3_ReceiveDisable
                0x0000000000000000        0xc build/default/production/mcc_generated_files/uart/src/usart3.o
 .text.USART3_IsAutoBaudDetectError
                0x0000000000000000        0xc build/default/production/mcc_generated_files/uart/src/usart3.o
 .text.USART3_AutoBaudDetectErrorReset
                0x0000000000000000       0x28 build/default/production/mcc_generated_files/uart/src/usart3.o
 .rodata.UART3  0x0000000000000000       0x30 build/default/production/mcc_generated_files/uart/src/usart3.o
 .text          0x0000000000000000        0x0 build/default/production/mcc_generated_files/vref/src/vref.o
 .data          0x0000000000000000        0x0 build/default/production/mcc_generated_files/vref/src/vref.o
 .bss           0x0000000000000000        0x0 build/default/production/mcc_generated_files/vref/src/vref.o
 .text          0x0000000000000000        0x0 build/default/production/main.o
 .data          0x0000000000000000        0x0 build/default/production/main.o
 .bss           0x0000000000000000        0x0 build/default/production/main.o
 .text          0x0000000000000000        0x0 c:/program files/microchip/xc8/v3.10/avr/bin/../lib/gcc/avr/5.4.0/avrxmega4/memx-const/mapped\libgcc.a(_udivmodsi4.o)
 .data          0x0000000000000000        0x0 c:/program files/microchip/xc8/v3.10/avr/bin/../lib/gcc/avr/5.4.0/avrxmega4/memx-const/mapped\libgcc.a(_udivmodsi4.o)
 .bss           0x0000000000000000        0x0 c:/program files/microchip/xc8/v3.10/avr/bin/../lib/gcc/avr/5.4.0/avrxmega4/memx-const/mapped\libgcc.a(_udivmodsi4.o)
 .text.libgcc.mul
                0x0000000000000000        0x0 c:/program files/microchip/xc8/v3.10/avr/bin/../lib/gcc/avr/5.4.0/avrxmega4/memx-const/mapped\libgcc.a(_udivmodsi4.o)
 .stack.descriptors
                0x0000000000000000       0x1a c:/program files/microchip/xc8/v3.10/avr/bin/../lib/gcc/avr/5.4.0/avrxmega4/memx-const/mapped\libgcc.a(_udivmodsi4.o)
 .text.libgcc   0x0000000000000000        0x0 c:/program files/microchip/xc8/v3.10/avr/bin/../lib/gcc/avr/5.4.0/avrxmega4/memx-const/mapped\libgcc.a(_udivmodsi4.o)
 .text.libgcc.prologue
                0x0000000000000000        0x0 c:/program files/microchip/xc8/v3.10/avr/bin/../lib/gcc/avr/5.4.0/avrxmega4/memx-const/mapped\libgcc.a(_udivmodsi4.o)
 .text.libgcc.builtins
                0x0000000000000000        0x0 c:/program files/microchip/xc8/v3.10/avr/bin/../lib/gcc/avr/5.4.0/avrxmega4/memx-const/mapped\libgcc.a(_udivmodsi4.o)
 .text.libgcc.fmul
                0x0000000000000000        0x0 c:/program files/microchip/xc8/v3.10/avr/bin/../lib/gcc/avr/5.4.0/avrxmega4/memx-const/mapped\libgcc.a(_udivmodsi4.o)
 .text.libgcc.fixed
                0x0000000000000000        0x0 c:/program files/microchip/xc8/v3.10/avr/bin/../lib/gcc/avr/5.4.0/avrxmega4/memx-const/mapped\libgcc.a(_udivmodsi4.o)
 .text          0x0000000000000000        0x0 c:/program files/microchip/xc8/v3.10/avr/bin/../lib/gcc/avr/5.4.0/avrxmega4/memx-const/mapped\libgcc.a(_copy_data.o)
 .data          0x0000000000000000        0x0 c:/program files/microchip/xc8/v3.10/avr/bin/../lib/gcc/avr/5.4.0/avrxmega4/memx-const/mapped\libgcc.a(_copy_data.o)
 .bss           0x0000000000000000        0x0 c:/program files/microchip/xc8/v3.10/avr/bin/../lib/gcc/avr/5.4.0/avrxmega4/memx-const/mapped\libgcc.a(_copy_data.o)
 .text.libgcc.mul
                0x0000000000000000        0x0 c:/program files/microchip/xc8/v3.10/avr/bin/../lib/gcc/avr/5.4.0/avrxmega4/memx-const/mapped\libgcc.a(_copy_data.o)
 .text.libgcc.div
                0x0000000000000000        0x0 c:/program files/microchip/xc8/v3.10/avr/bin/../lib/gcc/avr/5.4.0/avrxmega4/memx-const/mapped\libgcc.a(_copy_data.o)
 .text.libgcc   0x0000000000000000        0x0 c:/program files/microchip/xc8/v3.10/avr/bin/../lib/gcc/avr/5.4.0/avrxmega4/memx-const/mapped\libgcc.a(_copy_data.o)
 .text.libgcc.prologue
                0x0000000000000000        0x0 c:/program files/microchip/xc8/v3.10/avr/bin/../lib/gcc/avr/5.4.0/avrxmega4/memx-const/mapped\libgcc.a(_copy_data.o)
 .text.libgcc.builtins
                0x0000000000000000        0x0 c:/program files/microchip/xc8/v3.10/avr/bin/../lib/gcc/avr/5.4.0/avrxmega4/memx-const/mapped\libgcc.a(_copy_data.o)
 .text.libgcc.fmul
                0x0000000000000000        0x0 c:/program files/microchip/xc8/v3.10/avr/bin/../lib/gcc/avr/5.4.0/avrxmega4/memx-const/mapped\libgcc.a(_copy_data.o)
 .text.libgcc.fixed
                0x0000000000000000        0x0 c:/program files/microchip/xc8/v3.10/avr/bin/../lib/gcc/avr/5.4.0/avrxmega4/memx-const/mapped\libgcc.a(_copy_data.o)
 .text          0x0000000000000000        0x0 c:/program files/microchip/xc8/v3.10/avr/bin/../lib/gcc/avr/5.4.0/avrxmega4/memx-const/mapped\libgcc.a(_umulhisi3.o)
 .data          0x0000000000000000        0x0 c:/program files/microchip/xc8/v3.10/avr/bin/../lib/gcc/avr/5.4.0/avrxmega4/memx-const/mapped\libgcc.a(_umulhisi3.o)
 .bss           0x0000000000000000        0x0 c:/program files/microchip/xc8/v3.10/avr/bin/../lib/gcc/avr/5.4.0/avrxmega4/memx-const/mapped\libgcc.a(_umulhisi3.o)
 .stack.descriptors
                0x0000000000000000       0x19 c:/program files/microchip/xc8/v3.10/avr/bin/../lib/gcc/avr/5.4.0/avrxmega4/memx-const/mapped\libgcc.a(_umulhisi3.o)
 .text.libgcc.div
                0x0000000000000000        0x0 c:/program files/microchip/xc8/v3.10/avr/bin/../lib/gcc/avr/5.4.0/avrxmega4/memx-const/mapped\libgcc.a(_umulhisi3.o)
 .text.libgcc   0x0000000000000000        0x0 c:/program files/microchip/xc8/v3.10/avr/bin/../lib/gcc/avr/5.4.0/avrxmega4/memx-const/mapped\libgcc.a(_umulhisi3.o)
 .text.libgcc.prologue
                0x0000000000000000        0x0 c:/program files/microchip/xc8/v3.10/avr/bin/../lib/gcc/avr/5.4.0/avrxmega4/memx-const/mapped\libgcc.a(_umulhisi3.o)
 .text.libgcc.builtins
                0x0000000000000000        0x0 c:/program files/microchip/xc8/v3.10/avr/bin/../lib/gcc/avr/5.4.0/avrxmega4/memx-const/mapped\libgcc.a(_umulhisi3.o)
 .text.libgcc.fmul
                0x0000000000000000        0x0 c:/program files/microchip/xc8/v3.10/avr/bin/../lib/gcc/avr/5.4.0/avrxmega4/memx-const/mapped\libgcc.a(_umulhisi3.o)
 .text.libgcc.fixed
                0x0000000000000000        0x0 c:/program files/microchip/xc8/v3.10/avr/bin/../lib/gcc/avr/5.4.0/avrxmega4/memx-const/mapped\libgcc.a(_umulhisi3.o)
 .text          0x0000000000000000        0x0 c:/program files/microchip/xc8/v3.10/avr/bin/../lib/gcc/avr/5.4.0/../../../../avr/lib/avrxmega4/memx-const/mapped\libc.a(exit.o)
 .data          0x0000000000000000        0x0 c:/program files/microchip/xc8/v3.10/avr/bin/../lib/gcc/avr/5.4.0/../../../../avr/lib/avrxmega4/memx-const/mapped\libc.a(exit.o)
 .bss           0x0000000000000000        0x0 c:/program files/microchip/xc8/v3.10/avr/bin/../lib/gcc/avr/5.4.0/../../../../avr/lib/avrxmega4/memx-const/mapped\libc.a(exit.o)
 .stack.descriptors
                0x0000000000000000       0x73 c:/program files/microchip/xc8/v3.10/avr/bin/../lib/gcc/avr/5.4.0/../../../../avr/lib/avrxmega4/memx-const/mapped\libc.a(exit.o)
 .text          0x0000000000000000        0x0 c:/program files/microchip/xc8/v3.10/avr/bin/../lib/gcc/avr/5.4.0/../../../../avr/lib/avrxmega4/memx-const/mapped\libc.a(stdout.o)
 .data          0x0000000000000000        0x0 c:/program files/microchip/xc8/v3.10/avr/bin/../lib/gcc/avr/5.4.0/../../../../avr/lib/avrxmega4/memx-const/mapped\libc.a(stdout.o)
 .bss           0x0000000000000000        0x0 c:/program files/microchip/xc8/v3.10/avr/bin/../lib/gcc/avr/5.4.0/../../../../avr/lib/avrxmega4/memx-const/mapped\libc.a(stdout.o)
 .stack.descriptors
                0x0000000000000000       0x1b c:/program files/microchip/xc8/v3.10/avr/bin/../lib/gcc/avr/5.4.0/../../../../avr/lib/avrxmega4/memx-const/mapped\libc.a(stdout.o)
 .text.__init_stdout
                0x0000000000000000       0x1e c:/program files/microchip/xc8/v3.10/avr/bin/../lib/gcc/avr/5.4.0/../../../../avr/lib/avrxmega4/memx-const/mapped\libc.a(stdout.o)
 .data.f        0x0000000000000000       0x10 c:/program files/microchip/xc8/v3.10/avr/bin/../lib/gcc/avr/5.4.0/../../../../avr/lib/avrxmega4/memx-const/mapped\libc.a(stdout.o)
 COMMON         0x0000000000000000        0x2 c:/program files/microchip/xc8/v3.10/avr/bin/../lib/gcc/avr/5.4.0/../../../../avr/lib/avrxmega4/memx-const/mapped\libc.a(stdout.o)
 .text          0x0000000000000000        0x0 c:/program files/microchip/xc8/v3.10/avr/bin/../lib/gcc/avr/5.4.0/../../../../avr/lib/avrxmega4/memx-const/mapped\libc.a(_Exit.o)
 .data          0x0000000000000000        0x0 c:/program files/microchip/xc8/v3.10/avr/bin/../lib/gcc/avr/5.4.0/../../../../avr/lib/avrxmega4/memx-const/mapped\libc.a(_Exit.o)
 .bss           0x0000000000000000        0x0 c:/program files/microchip/xc8/v3.10/avr/bin/../lib/gcc/avr/5.4.0/../../../../avr/lib/avrxmega4/memx-const/mapped\libc.a(_Exit.o)
 .stack.descriptors
                0x0000000000000000       0x13 c:/program files/microchip/xc8/v3.10/avr/bin/../lib/gcc/avr/5.4.0/../../../../avr/lib/avrxmega4/memx-const/mapped\libc.a(_Exit.o)
 .text          0x0000000000000000        0x0 c:/program files/microchip/xc8/v3.10/avr/bin/../lib/gcc/avr/5.4.0/avrxmega4/memx-const/mapped\libgcc.a(_exit.o)
 .data          0x0000000000000000        0x0 c:/program files/microchip/xc8/v3.10/avr/bin/../lib/gcc/avr/5.4.0/avrxmega4/memx-const/mapped\libgcc.a(_exit.o)
 .bss           0x0000000000000000        0x0 c:/program files/microchip/xc8/v3.10/avr/bin/../lib/gcc/avr/5.4.0/avrxmega4/memx-const/mapped\libgcc.a(_exit.o)
 .text.libgcc.mul
                0x0000000000000000        0x0 c:/program files/microchip/xc8/v3.10/avr/bin/../lib/gcc/avr/5.4.0/avrxmega4/memx-const/mapped\libgcc.a(_exit.o)
 .text.libgcc.div
                0x0000000000000000        0x0 c:/program files/microchip/xc8/v3.10/avr/bin/../lib/gcc/avr/5.4.0/avrxmega4/memx-const/mapped\libgcc.a(_exit.o)
 .text.libgcc   0x0000000000000000        0x0 c:/program files/microchip/xc8/v3.10/avr/bin/../lib/gcc/avr/5.4.0/avrxmega4/memx-const/mapped\libgcc.a(_exit.o)
 .text.libgcc.prologue
                0x0000000000000000        0x0 c:/program files/microchip/xc8/v3.10/avr/bin/../lib/gcc/avr/5.4.0/avrxmega4/memx-const/mapped\libgcc.a(_exit.o)
 .stack.descriptors
                0x0000000000000000       0x13 c:/program files/microchip/xc8/v3.10/avr/bin/../lib/gcc/avr/5.4.0/avrxmega4/memx-const/mapped\libgcc.a(_exit.o)
 .text.libgcc.builtins
                0x0000000000000000        0x0 c:/program files/microchip/xc8/v3.10/avr/bin/../lib/gcc/avr/5.4.0/avrxmega4/memx-const/mapped\libgcc.a(_exit.o)
 .text.libgcc.fmul
                0x0000000000000000        0x0 c:/program files/microchip/xc8/v3.10/avr/bin/../lib/gcc/avr/5.4.0/avrxmega4/memx-const/mapped\libgcc.a(_exit.o)
 .text.libgcc.fixed
                0x0000000000000000        0x0 c:/program files/microchip/xc8/v3.10/avr/bin/../lib/gcc/avr/5.4.0/avrxmega4/memx-const/mapped\libgcc.a(_exit.o)

Memory Configuration

Name             Origin             Length             Attributes
text             0x0000000000000000 0x0000000000020000 xr
data             0x0000000000804000 0x0000000000004000 rw !x
eeprom           0x0000000000810000 0x0000000000000200 rw !x
fuse             0x0000000000820000 0x0000000000000010 rw !x
lock             0x0000000000830000 0x0000000000000400 rw !x
signature        0x0000000000840000 0x0000000000000400 rw !x
user_signatures  0x0000000000850000 0x0000000000000400 rw !x
bootrow          0x0000000000860000 0x0000000000000400 rw !x
*default*        0x0000000000000000 0xffffffffffffffff

Linker script and memory map

Address of section .data set to 0x804000
                0x0000000000008000                __RODATA_PM_OFFSET__ = 0x8000
LOAD C:/Program Files/Microchip/MPLABX/v6.25/packs/Microchip/AVR-Dx_DFP/2.7.321/xc8/avr/lib/avrxmega4/memx-const/mapped/crtavr128db48.o
                0x0000000000000001                __MPLAB_BUILD = 0x1
LOAD build/default/production/mcc_generated_files/adc/src/adc0.o
LOAD build/default/production/mcc_generated_files/evsys/src/evsys.o
LOAD build/default/production/mcc_generated_files/system/src/clock.o
LOAD build/default/production/mcc_generated_files/system/src/config_bits.o
LOAD build/default/production/mcc_generated_files/system/src/interrupt.o
LOAD build/default/production/mcc_generated_files/system/src/system.o
LOAD build/default/production/mcc_generated_files/system/src/protected_io.o
LOAD build/default/production/mcc_generated_files/system/src/pins.o
LOAD build/default/production/mcc_generated_files/timer/src/rtc.o
LOAD build/default/production/mcc_generated_files/timer/src/tca0.o
LOAD build/default/production/mcc_generated_files/timer/src/tcb0.o
LOAD build/default/production/mcc_generated_files/uart/src/usart3.o
LOAD build/default/production/mcc_generated_files/vref/src/vref.o
LOAD build/default/production/main.o
START GROUP
LOAD c:/program files/microchip/xc8/v3.10/avr/bin/../lib/gcc/avr/5.4.0/../../../../avr/lib/avrxmega4/memx-const/mapped\libm.a
END GROUP
START GROUP
LOAD c:/program files/microchip/xc8/v3.10/avr/bin/../lib/gcc/avr/5.4.0/avrxmega4/memx-const/mapped\libgcc.a
LOAD c:/program files/microchip/xc8/v3.10/avr/bin/../lib/gcc/avr/5.4.0/../../../../avr/lib/avrxmega4/memx-const/mapped\libm.a
LOAD c:/program files/microchip/xc8/v3.10/avr/bin/../lib/gcc/avr/5.4.0/../../../../avr/lib/avrxmega4/memx-const/mapped\libc.a
LOAD C:/Program Files/Microchip/MPLABX/v6.25/packs/Microchip/AVR-Dx_DFP/2.7.321/xc8/avr/lib/avrxmega4/memx-const/mapped\libavr128db48.a
END GROUP
                [0x0000000000000000]                __TEXT_REGION_ORIGIN__ = DEFINED (__TEXT_REGION_ORIGIN__)?__TEXT_REGION_ORIGIN__:0x0
                [0x0000000000804000]                __DATA_REGION_ORIGIN__ = DEFINED (__DATA_REGION_ORIGIN__)?__DATA_REGION_ORIGIN__:0x802000
                [0x0000000000020000]                __TEXT_REGION_LENGTH__ = DEFINED (__TEXT_REGION_LENGTH__)?__TEXT_REGION_LENGTH__:0x100000
                [0x0000000000004000]                __DATA_REGION_LENGTH__ = DEFINED (__DATA_REGION_LENGTH__)?__DATA_REGION_LENGTH__:0xffa0
                [0x0000000000000200]                __EEPROM_REGION_LENGTH__ = DEFINED (__EEPROM_REGION_LENGTH__)?__EEPROM_REGION_LENGTH__:0x10000
                [0x0000000000000010]                __FUSE_REGION_LENGTH__ = DEFINED (__FUSE_REGION_LENGTH__)?__FUSE_REGION_LENGTH__:0x400
                0x0000000000000400                __LOCK_REGION_LENGTH__ = DEFINED (__LOCK_REGION_LENGTH__)?__LOCK_REGION_LENGTH__:0x400
                0x0000000000000400                __SIGNATURE_REGION_LENGTH__ = DEFINED (__SIGNATURE_REGION_LENGTH__)?__SIGNATURE_REGION_LENGTH__:0x400
                0x0000000000000400                __USER_SIGNATURE_REGION_LENGTH__ = DEFINED (__USER_SIGNATURE_REGION_LENGTH__)?__USER_SIGNATURE_REGION_LENGTH__:0x400
                0x0000000000000400                __BOOTROW_REGION_LENGTH__ = DEFINED (__BOOTROW_REGION_LENGTH__)?__BOOTROW_REGION_LENGTH__:0x400

.hash
 *(.hash)

.dynsym
 *(.dynsym)

.dynstr
 *(.dynstr)

.gnu.version
 *(.gnu.version)

.gnu.version_d
 *(.gnu.version_d)

.gnu.version_r
 *(.gnu.version_r)

.rel.init
 *(.rel.init)

.rela.init
 *(.rela.init)

.rel.text
 *(.rel.text)
 *(.rel.text.*)
 *(.rel.gnu.linkonce.t*)

.rela.text
 *(.rela.text)
 *(.rela.text.*)
 *(.rela.gnu.linkonce.t*)

.rel.fini
 *(.rel.fini)

.rela.fini
 *(.rela.fini)

.rel.rodata
 *(.rel.rodata)
 *(.rel.rodata.*)
 *(.rel.gnu.linkonce.r*)

.rela.rodata
 *(.rela.rodata)
 *(.rela.rodata.*)
 *(.rela.gnu.linkonce.r*)

.rel.data
 *(.rel.data)
 *(.rel.data.*)
 *(.rel.gnu.linkonce.d*)

.rela.data
 *(.rela.data)
 *(.rela.data.*)
 *(.rela.gnu.linkonce.d*)

.rel.ctors
 *(.rel.ctors)

.rela.ctors
 *(.rela.ctors)

.rel.dtors
 *(.rel.dtors)

.rela.dtors
 *(.rela.dtors)

.rel.got
 *(.rel.got)

.rela.got
 *(.rela.got)

.rel.bss
 *(.rel.bss)

.rela.bss
 *(.rela.bss)

.rel.plt
 *(.rel.plt)

.rela.plt
 *(.rela.plt)

.text           0x0000000000000000      0x176
 *(.vectors)
 .vectors       0x0000000000000000       0xf4 C:/Program Files/Microchip/MPLABX/v6.25/packs/Microchip/AVR-Dx_DFP/2.7.321/xc8/avr/lib/avrxmega4/memx-const/mapped/crtavr128db48.o
                0x0000000000000000                __vector_default
                0x0000000000000000                __vectors
 *(.vectors)
 *(.progmem.gcc*)
 *(.dinit)
 .dinit         0x00000000000000f4       0x18 data_init
                0x000000000000010c                . = ALIGN (0x2)
 *fill*         0x000000000000010c        0x0 
                0x000000000000010c                __trampolines_start = .
 *(.trampolines)
 .trampolines   0x000000000000010c        0x0 linker stubs
 *(.trampolines*)
                0x000000000000010c                __trampolines_end = .
 *libprintf_flt.a:*(.progmem.data)
 *libc.a:*(.progmem.data)
                0x000000000000010c                . = ALIGN (0x2)
 *(.jumptables)
 *(.jumptables*)
 *(.lowtext)
 *(.lowtext*)
                0x000000000000010c                __ctors_start = .
 *(.ctors)
                0x000000000000010c                __ctors_end = .
                0x000000000000010c                __dtors_start = .
 *(.dtors)
                0x000000000000010c                __dtors_end = .
 SORT(*)(.ctors)
 SORT(*)(.dtors)
 *(.init0)
 .init0         0x000000000000010c        0x0 C:/Program Files/Microchip/MPLABX/v6.25/packs/Microchip/AVR-Dx_DFP/2.7.321/xc8/avr/lib/avrxmega4/memx-const/mapped/crtavr128db48.o
                0x000000000000010c                __init
 *(.init0)
 *(.init1)
 .init1         0x000000000000010c       0x12 C:/Program Files/Microchip/MPLABX/v6.25/packs/Microchip/AVR-Dx_DFP/2.7.321/xc8/avr/lib/avrxmega4/memx-const/mapped/crtavr128db48.o
 *(.init1)
 *(.init2)
 .init2         0x000000000000011e        0xc C:/Program Files/Microchip/MPLABX/v6.25/packs/Microchip/AVR-Dx_DFP/2.7.321/xc8/avr/lib/avrxmega4/memx-const/mapped/crtavr128db48.o
 *(.init2)
 *(.init3)
 *(.init3)
 *(.init4)
 .init4         0x000000000000012a       0x40 c:/program files/microchip/xc8/v3.10/avr/bin/../lib/gcc/avr/5.4.0/avrxmega4/memx-const/mapped\libgcc.a(_copy_data.o)
                0x000000000000012a                __do_copy_data
                0x000000000000015c                __do_clear_bss
 *(.init4)
 *(.init5)
 *(.init5)
 *(.init6)
 *(.init6)
 *(.init7)
 *(.init7)
 *(.init8)
 *(.init8)
 *(.init9)
 .init9         0x000000000000016a        0x8 C:/Program Files/Microchip/MPLABX/v6.25/packs/Microchip/AVR-Dx_DFP/2.7.321/xc8/avr/lib/avrxmega4/memx-const/mapped/crtavr128db48.o
 *(.init9)
                0x0000000000000172                . = ALIGN (0x2)
 *(.fini9)
 .fini9         0x0000000000000172        0x0 c:/program files/microchip/xc8/v3.10/avr/bin/../lib/gcc/avr/5.4.0/avrxmega4/memx-const/mapped\libgcc.a(_exit.o)
                0x0000000000000172                _exit
 *(.fini9)
 *(.fini8)
 *(.fini8)
 *(.fini7)
 *(.fini7)
 *(.fini6)
 *(.fini6)
 *(.fini5)
 *(.fini5)
 *(.fini4)
 *(.fini4)
 *(.fini3)
 *(.fini3)
 *(.fini2)
 *(.fini2)
 *(.fini1)
 *(.fini1)
 *(.fini0)
 .fini0         0x0000000000000172        0x4 c:/program files/microchip/xc8/v3.10/avr/bin/../lib/gcc/avr/5.4.0/avrxmega4/memx-const/mapped\libgcc.a(_exit.o)
 *(.fini0)
                0x0000000000000176                _etext = .

.data           0x0000000000804000        0x0 load address 0x0000000000000176
                [!provide]                        PROVIDE (__data_start, .)
 *(.gnu.linkonce.d*)
 *(.gnu.linkonce.r*)
                0x0000000000804000                . = ALIGN (0x2)
                0x0000000000804000                _edata = .
                [!provide]                        PROVIDE (__data_end, .)

.bss            0x0000000000804000        0x0
                [!provide]                        PROVIDE (__bss_start, .)
 *(COMMON)
                [!provide]                        PROVIDE (__bss_end, .)
                0x0000000000000176                __data_load_start = LOADADDR (.data)
                0x0000000000000176                __data_load_end = (__data_load_start + SIZEOF (.data))

.noinit         0x0000000000804000        0x0
                [!provide]                        PROVIDE (__noinit_start, .)
 *(.noinit*)
                [!provide]                        PROVIDE (__noinit_end, .)
                0x0000000000804000                _end = .

.eeprom         0x0000000000810000        0x0
 *(.eeprom*)
                0x0000000000810000                __eeprom_end = .

.fuse           0x0000000000820000        0x9
 *(.fuse)
 .fuse          0x0000000000820000        0x9 build/default/production/mcc_generated_files/system/src/config_bits.o
                0x0000000000820000                __fuse
 *(.lfuse)
 *(.hfuse)
 *(.efuse)

.lock
 *(.lock*)

.signature
 *(.signature*)

.user_signatures
 *(.user_signatures*)

.bootrow
 *(.bootrow*)

.stab
 *(.stab)

.stabstr
 *(.stabstr)

.stab.excl
 *(.stab.excl)

.stab.exclstr
 *(.stab.exclstr)

.stab.index
 *(.stab.index)

.stab.indexstr
 *(.stab.indexstr)

.comment        0x0000000000000000       0x5b
 *(.comment)
 .comment       0x0000000000000000       0x2f build/default/production/mcc_generated_files/adc/src/adc0.o
                                         0x30 (size before relaxing)
 .comment       0x000000000000002f       0x30 build/default/production/mcc_generated_files/evsys/src/evsys.o
 .comment       0x000000000000002f       0x30 build/default/production/mcc_generated_files/system/src/clock.o
 .comment       0x000000000000002f       0x30 build/default/production/mcc_generated_files/system/src/config_bits.o
 .comment       0x000000000000002f       0x30 build/default/production/mcc_generated_files/system/src/interrupt.o
 .comment       0x000000000000002f       0x30 build/default/production/mcc_generated_files/system/src/system.o
 .comment       0x000000000000002f       0x30 build/default/production/mcc_generated_files/system/src/pins.o
 .comment       0x000000000000002f       0x30 build/default/production/mcc_generated_files/timer/src/rtc.o
 .comment       0x000000000000002f       0x30 build/default/production/mcc_generated_files/timer/src/tca0.o
 .comment       0x000000000000002f       0x30 build/default/production/mcc_generated_files/timer/src/tcb0.o
 .comment       0x000000000000002f       0x30 build/default/production/mcc_generated_files/uart/src/usart3.o
 .comment       0x000000000000002f       0x30 build/default/production/mcc_generated_files/vref/src/vref.o
 .comment       0x000000000000002f       0x30 build/default/production/main.o
 .comment       0x000000000000002f       0x2c c:/program files/microchip/xc8/v3.10/avr/bin/../lib/gcc/avr/5.4.0/../../../../avr/lib/avrxmega4/memx-const/mapped\libc.a(exit.o)
                                         0x2d (size before relaxing)
 .comment       0x000000000000005b       0x2d c:/program files/microchip/xc8/v3.10/avr/bin/../lib/gcc/avr/5.4.0/../../../../avr/lib/avrxmega4/memx-const/mapped\libc.a(stdout.o)
 .comment       0x000000000000005b       0x2d c:/program files/microchip/xc8/v3.10/avr/bin/../lib/gcc/avr/5.4.0/../../../../avr/lib/avrxmega4/memx-const/mapped\libc.a(_Exit.o)

.stack.descriptors.hdr
                0x0000000000000000       0x54
 .stack.descriptors.hdr
                0x0000000000000000        0xe c:/program files/microchip/xc8/v3.10/avr/bin/../lib/gcc/avr/5.4.0/avrxmega4/memx-const/mapped\libgcc.a(_udivmodsi4.o)
 .stack.descriptors.hdr
                0x000000000000000e        0xe c:/program files/microchip/xc8/v3.10/avr/bin/../lib/gcc/avr/5.4.0/avrxmega4/memx-const/mapped\libgcc.a(_umulhisi3.o)
 .stack.descriptors.hdr
                0x000000000000001c        0xe c:/program files/microchip/xc8/v3.10/avr/bin/../lib/gcc/avr/5.4.0/../../../../avr/lib/avrxmega4/memx-const/mapped\libc.a(exit.o)
 .stack.descriptors.hdr
                0x000000000000002a        0xe c:/program files/microchip/xc8/v3.10/avr/bin/../lib/gcc/avr/5.4.0/../../../../avr/lib/avrxmega4/memx-const/mapped\libc.a(stdout.o)
 .stack.descriptors.hdr
                0x0000000000000038        0xe c:/program files/microchip/xc8/v3.10/avr/bin/../lib/gcc/avr/5.4.0/../../../../avr/lib/avrxmega4/memx-const/mapped\libc.a(_Exit.o)
 .stack.descriptors.hdr
                0x0000000000000046        0xe c:/program files/microchip/xc8/v3.10/avr/bin/../lib/gcc/avr/5.4.0/avrxmega4/memx-const/mapped\libgcc.a(_exit.o)

.note.GNU-stack
                0x0000000000000000        0x0
 .note.GNU-stack
                0x0000000000000000        0x0 c:/program files/microchip/xc8/v3.10/avr/bin/../lib/gcc/avr/5.4.0/../../../../avr/lib/avrxmega4/memx-const/mapped\libc.a(exit.o)
 .note.GNU-stack
                0x0000000000000000        0x0 c:/program files/microchip/xc8/v3.10/avr/bin/../lib/gcc/avr/5.4.0/../../../../avr/lib/avrxmega4/memx-const/mapped\libc.a(stdout.o)
 .note.GNU-stack
                0x0000000000000000        0x0 c:/program files/microchip/xc8/v3.10/avr/bin/../lib/gcc/avr/5.4.0/../../../../avr/lib/avrxmega4/memx-const/mapped\libc.a(_Exit.o)

.note.gnu.build-id
 *(.note.gnu.build-id)

.debug
 *(.debug)

.line
 *(.line)

.debug_srcinfo
 *(.debug_srcinfo)

.debug_sfnames
 *(.debug_sfnames)

.debug_aranges  0x0000000000000000      0x658
 *(.debug_aranges)
 .debug_aranges
                0x0000000000000000      0x120 build/default/production/mcc_generated_files/adc/src/adc0.o
 .debug_aranges
                0x0000000000000120       0x30 build/default/production/mcc_generated_files/evsys/src/evsys.o
 .debug_aranges
                0x0000000000000150       0x30 build/default/production/mcc_generated_files/system/src/clock.o
 .debug_aranges
                0x0000000000000180       0x18 build/default/production/mcc_generated_files/system/src/config_bits.o
 .debug_aranges
                0x0000000000000198       0x20 build/default/production/mcc_generated_files/system/src/interrupt.o
 .debug_aranges
                0x00000000000001b8       0x28 build/default/production/mcc_generated_files/system/src/system.o
 .debug_aranges
                0x00000000000001e0       0x20 build/default/production/mcc_generated_files/system/src/protected_io.o
 .debug_aranges
                0x0000000000000200       0xa0 build/default/production/mcc_generated_files/system/src/pins.o
 .debug_aranges
                0x00000000000002a0       0xc8 build/default/production/mcc_generated_files/timer/src/rtc.o
 .debug_aranges
                0x0000000000000368       0xe8 build/default/production/mcc_generated_files/timer/src/tca0.o
 .debug_aranges
                0x0000000000000450       0xb8 build/default/production/mcc_generated_files/timer/src/tcb0.o
 .debug_aranges
                0x0000000000000508       0xe0 build/default/production/mcc_generated_files/uart/src/usart3.o
 .debug_aranges
                0x00000000000005e8       0x20 build/default/production/mcc_generated_files/vref/src/vref.o
 .debug_aranges
                0x0000000000000608       0x50 build/default/production/main.o

.debug_pubnames
 *(.debug_pubnames)

.debug_info     0x0000000000000000     0xd4ee
 *(.debug_info .gnu.linkonce.wi.*)
 .debug_info    0x0000000000000000     0x3545 C:/Program Files/Microchip/MPLABX/v6.25/packs/Microchip/AVR-Dx_DFP/2.7.321/xc8/avr/lib/avrxmega4/memx-const/mapped/crtavr128db48.o
 .debug_info    0x0000000000003545     0x1a3b build/default/production/mcc_generated_files/adc/src/adc0.o
 .debug_info    0x0000000000004f80      0x9c6 build/default/production/mcc_generated_files/evsys/src/evsys.o
 .debug_info    0x0000000000005946      0xf27 build/default/production/mcc_generated_files/system/src/clock.o
 .debug_info    0x000000000000686d      0x8cc build/default/production/mcc_generated_files/system/src/config_bits.o
 .debug_info    0x0000000000007139      0x420 build/default/production/mcc_generated_files/system/src/interrupt.o
 .debug_info    0x0000000000007559      0x56c build/default/production/mcc_generated_files/system/src/system.o
 .debug_info    0x0000000000007ac5       0xa6 build/default/production/mcc_generated_files/system/src/protected_io.o
 .debug_info    0x0000000000007b6b      0xabd build/default/production/mcc_generated_files/system/src/pins.o
 .debug_info    0x0000000000008628      0x967 build/default/production/mcc_generated_files/timer/src/rtc.o
 .debug_info    0x0000000000008f8f     0x1339 build/default/production/mcc_generated_files/timer/src/tca0.o
 .debug_info    0x000000000000a2c8      0x9cf build/default/production/mcc_generated_files/timer/src/tcb0.o
 .debug_info    0x000000000000ac97      0xf74 build/default/production/mcc_generated_files/uart/src/usart3.o
 .debug_info    0x000000000000bc0b      0x38c build/default/production/mcc_generated_files/vref/src/vref.o
 .debug_info    0x000000000000bf97     0x1557 build/default/production/main.o

.debug_abbrev   0x0000000000000000     0x4579
 *(.debug_abbrev)
 .debug_abbrev  0x0000000000000000     0x3274 C:/Program Files/Microchip/MPLABX/v6.25/packs/Microchip/AVR-Dx_DFP/2.7.321/xc8/avr/lib/avrxmega4/memx-const/mapped/crtavr128db48.o
 .debug_abbrev  0x0000000000003274      0x1ba build/default/production/mcc_generated_files/adc/src/adc0.o
 .debug_abbrev  0x000000000000342e       0xcd build/default/production/mcc_generated_files/evsys/src/evsys.o
 .debug_abbrev  0x00000000000034fb      0x135 build/default/production/mcc_generated_files/system/src/clock.o
 .debug_abbrev  0x0000000000003630       0x97 build/default/production/mcc_generated_files/system/src/config_bits.o
 .debug_abbrev  0x00000000000036c7       0xfa build/default/production/mcc_generated_files/system/src/interrupt.o
 .debug_abbrev  0x00000000000037c1      0x130 build/default/production/mcc_generated_files/system/src/system.o
 .debug_abbrev  0x00000000000038f1       0x14 build/default/production/mcc_generated_files/system/src/protected_io.o
 .debug_abbrev  0x0000000000003905      0x14a build/default/production/mcc_generated_files/system/src/pins.o
 .debug_abbrev  0x0000000000003a4f      0x14c build/default/production/mcc_generated_files/timer/src/rtc.o
 .debug_abbrev  0x0000000000003b9b      0x1c3 build/default/production/mcc_generated_files/timer/src/tca0.o
 .debug_abbrev  0x0000000000003d5e      0x1e9 build/default/production/mcc_generated_files/timer/src/tcb0.o
 .debug_abbrev  0x0000000000003f47      0x2d7 build/default/production/mcc_generated_files/uart/src/usart3.o
 .debug_abbrev  0x000000000000421e       0x8c build/default/production/mcc_generated_files/vref/src/vref.o
 .debug_abbrev  0x00000000000042aa      0x2cf build/default/production/main.o

.debug_line     0x0000000000000000     0x2e22
 *(.debug_line .debug_line.* .debug_line_end)
 .debug_line    0x0000000000000000      0x240 C:/Program Files/Microchip/MPLABX/v6.25/packs/Microchip/AVR-Dx_DFP/2.7.321/xc8/avr/lib/avrxmega4/memx-const/mapped/crtavr128db48.o
 .debug_line    0x0000000000000240      0x555 build/default/production/mcc_generated_files/adc/src/adc0.o
 .debug_line    0x0000000000000795      0x2a8 build/default/production/mcc_generated_files/evsys/src/evsys.o
 .debug_line    0x0000000000000a3d      0x1d0 build/default/production/mcc_generated_files/system/src/clock.o
 .debug_line    0x0000000000000c0d      0x103 build/default/production/mcc_generated_files/system/src/config_bits.o
 .debug_line    0x0000000000000d10      0x19c build/default/production/mcc_generated_files/system/src/interrupt.o
 .debug_line    0x0000000000000eac      0x32c build/default/production/mcc_generated_files/system/src/system.o
 .debug_line    0x00000000000011d8       0x73 build/default/production/mcc_generated_files/system/src/protected_io.o
 .debug_line    0x000000000000124b      0x492 build/default/production/mcc_generated_files/system/src/pins.o
 .debug_line    0x00000000000016dd      0x3ff build/default/production/mcc_generated_files/timer/src/rtc.o
 .debug_line    0x0000000000001adc      0x4d7 build/default/production/mcc_generated_files/timer/src/tca0.o
 .debug_line    0x0000000000001fb3      0x376 build/default/production/mcc_generated_files/timer/src/tcb0.o
 .debug_line    0x0000000000002329      0x505 build/default/production/mcc_generated_files/uart/src/usart3.o
 .debug_line    0x000000000000282e      0x122 build/default/production/mcc_generated_files/vref/src/vref.o
 .debug_line    0x0000000000002950      0x4d2 build/default/production/main.o

.debug_frame    0x0000000000000000      0xd10
 *(.debug_frame)
 .debug_frame   0x0000000000000000      0x2b4 build/default/production/mcc_generated_files/adc/src/adc0.o
 .debug_frame   0x00000000000002b4       0x44 build/default/production/mcc_generated_files/evsys/src/evsys.o
 .debug_frame   0x00000000000002f8       0x44 build/default/production/mcc_generated_files/system/src/clock.o
 .debug_frame   0x000000000000033c       0x24 build/default/production/mcc_generated_files/system/src/interrupt.o
 .debug_frame   0x0000000000000360       0x34 build/default/production/mcc_generated_files/system/src/system.o
 .debug_frame   0x0000000000000394      0x1c8 build/default/production/mcc_generated_files/system/src/pins.o
 .debug_frame   0x000000000000055c      0x204 build/default/production/mcc_generated_files/timer/src/rtc.o
 .debug_frame   0x0000000000000760      0x1b4 build/default/production/mcc_generated_files/timer/src/tca0.o
 .debug_frame   0x0000000000000914      0x19c build/default/production/mcc_generated_files/timer/src/tcb0.o
 .debug_frame   0x0000000000000ab0      0x1ac build/default/production/mcc_generated_files/uart/src/usart3.o
 .debug_frame   0x0000000000000c5c       0x24 build/default/production/mcc_generated_files/vref/src/vref.o
 .debug_frame   0x0000000000000c80       0x90 build/default/production/main.o

.debug_str      0x0000000000000000     0x19ae
 *(.debug_str)
 .debug_str     0x0000000000000000     0x170f C:/Program Files/Microchip/MPLABX/v6.25/packs/Microchip/AVR-Dx_DFP/2.7.321/xc8/avr/lib/avrxmega4/memx-const/mapped/crtavr128db48.o
 .debug_str     0x000000000000170f        0x9 build/default/production/mcc_generated_files/adc/src/adc0.o
 .debug_str     0x0000000000001718        0x0 build/default/production/mcc_generated_files/evsys/src/evsys.o
 .debug_str     0x0000000000001718       0x13 build/default/production/mcc_generated_files/system/src/clock.o
 .debug_str     0x000000000000172b        0x0 build/default/production/mcc_generated_files/system/src/config_bits.o
 .debug_str     0x000000000000172b       0x13 build/default/production/mcc_generated_files/system/src/interrupt.o
 .debug_str     0x000000000000173e       0xbf build/default/production/mcc_generated_files/system/src/system.o
 .debug_str     0x00000000000017fd       0x25 build/default/production/mcc_generated_files/system/src/pins.o
 .debug_str     0x0000000000001822        0x9 build/default/production/mcc_generated_files/timer/src/rtc.o
 .debug_str     0x000000000000182b       0x62 build/default/production/mcc_generated_files/timer/src/tca0.o
 .debug_str     0x000000000000188d       0x10 build/default/production/mcc_generated_files/timer/src/tcb0.o
 .debug_str     0x000000000000189d       0x10 build/default/production/mcc_generated_files/uart/src/usart3.o
 .debug_str     0x00000000000018ad        0x0 build/default/production/mcc_generated_files/vref/src/vref.o
 .debug_str     0x00000000000018ad      0x101 build/default/production/main.o

.debug_loc      0x0000000000000000      0x49a
 *(.debug_loc)
 .debug_loc     0x0000000000000000       0x6f build/default/production/mcc_generated_files/adc/src/adc0.o
 .debug_loc     0x000000000000006f      0x23a build/default/production/mcc_generated_files/system/src/clock.o
 .debug_loc     0x00000000000002a9       0x2a build/default/production/mcc_generated_files/system/src/interrupt.o
 .debug_loc     0x00000000000002d3       0x52 build/default/production/mcc_generated_files/system/src/system.o
 .debug_loc     0x0000000000000325       0x34 build/default/production/mcc_generated_files/timer/src/tca0.o
 .debug_loc     0x0000000000000359       0x9e build/default/production/mcc_generated_files/uart/src/usart3.o
 .debug_loc     0x00000000000003f7       0xa3 build/default/production/main.o

.debug_macinfo
 *(.debug_macinfo)

.debug_weaknames
 *(.debug_weaknames)

.debug_funcnames
 *(.debug_funcnames)

.debug_typenames
 *(.debug_typenames)

.debug_varnames
 *(.debug_varnames)

.debug_pubtypes
 *(.debug_pubtypes)

.debug_ranges   0x0000000000000000      0x5c0
 *(.debug_ranges)
 .debug_ranges  0x0000000000000000      0x110 build/default/production/mcc_generated_files/adc/src/adc0.o
 .debug_ranges  0x0000000000000110       0x20 build/default/production/mcc_generated_files/evsys/src/evsys.o
 .debug_ranges  0x0000000000000130       0x20 build/default/production/mcc_generated_files/system/src/clock.o
 .debug_ranges  0x0000000000000150       0x10 build/default/production/mcc_generated_files/system/src/interrupt.o
 .debug_ranges  0x0000000000000160       0x18 build/default/production/mcc_generated_files/system/src/system.o
 .debug_ranges  0x0000000000000178       0x90 build/default/production/mcc_generated_files/system/src/pins.o
 .debug_ranges  0x0000000000000208       0xb8 build/default/production/mcc_generated_files/timer/src/rtc.o
 .debug_ranges  0x00000000000002c0       0xd8 build/default/production/mcc_generated_files/timer/src/tca0.o
 .debug_ranges  0x0000000000000398       0xa8 build/default/production/mcc_generated_files/timer/src/tcb0.o
 .debug_ranges  0x0000000000000440       0xd0 build/default/production/mcc_generated_files/uart/src/usart3.o
 .debug_ranges  0x0000000000000510       0x10 build/default/production/mcc_generated_files/vref/src/vref.o
 .debug_ranges  0x0000000000000520       0xa0 build/default/production/main.o

.debug_macro
 *(.debug_macro)
OUTPUT(dist/default/production/SlimmeStraatVerlichting_StateMachine_V6.X.production.elf elf32-avr)
LOAD linker stubs
LOAD data_init

.note.gnu.avr.deviceinfo
                0x0000000000000000       0x40
 .note.gnu.avr.deviceinfo
                0x0000000000000000       0x40 C:/Program Files/Microchip/MPLABX/v6.25/packs/Microchip/AVR-Dx_DFP/2.7.321/xc8/avr/lib/avrxmega4/memx-const/mapped/crtavr128db48.o

.bss.ADC0_ThresholdCallback
                0x0000000000804010        0x2
 .bss.ADC0_ThresholdCallback
                0x0000000000804010        0x2 build/default/production/mcc_generated_files/adc/src/adc0.o

.bss.ADC0_ConversionDoneCallback
                0x0000000000804012        0x2
 .bss.ADC0_ConversionDoneCallback
                0x0000000000804012        0x2 build/default/production/mcc_generated_files/adc/src/adc0.o

.bss.PIR_InterruptHandler
                0x0000000000804014        0x2
 .bss.PIR_InterruptHandler
                0x0000000000804014        0x2 build/default/production/mcc_generated_files/system/src/pins.o

.bss.IO_PD0_InterruptHandler
                0x0000000000804016        0x2
 .bss.IO_PD0_InterruptHandler
                0x0000000000804016        0x2 build/default/production/mcc_generated_files/system/src/pins.o

.bss.IO_PB0_InterruptHandler
                0x0000000000804018        0x2
 .bss.IO_PB0_InterruptHandler
                0x0000000000804018        0x2 build/default/production/mcc_generated_files/system/src/pins.o

.bss.IO_PB1_InterruptHandler
                0x000000000080401a        0x2
 .bss.IO_PB1_InterruptHandler
                0x000000000080401a        0x2 build/default/production/mcc_generated_files/system/src/pins.o

.bss.IO_PD1_InterruptHandler
                0x000000000080401c        0x2
 .bss.IO_PD1_InterruptHandler
                0x000000000080401c        0x2 build/default/production/mcc_generated_files/system/src/pins.o

.bss.RTC_PIT_isr_cb
                0x000000000080401e        0x2
 .bss.RTC_PIT_isr_cb
                0x000000000080401e        0x2 build/default/production/mcc_generated_files/timer/src/rtc.o
                0x000000000080401e                RTC_PIT_isr_cb

.bss.RTC_CMP_isr_cb
                0x0000000000804020        0x2
 .bss.RTC_CMP_isr_cb
                0x0000000000804020        0x2 build/default/production/mcc_generated_files/timer/src/rtc.o
                0x0000000000804020                RTC_CMP_isr_cb

.bss.RTC_OVF_isr_cb
                0x0000000000804022        0x2
 .bss.RTC_OVF_isr_cb
                0x0000000000804022        0x2 build/default/production/mcc_generated_files/timer/src/rtc.o
                0x0000000000804022                RTC_OVF_isr_cb

.bss.TCB0_CAPT_isr_cb
                0x0000000000804024        0x2
 .bss.TCB0_CAPT_isr_cb
                0x0000000000804024        0x2 build/default/production/mcc_generated_files/timer/src/tcb0.o

.bss.TCB0_OVF_isr_cb
                0x0000000000804026        0x2
 .bss.TCB0_OVF_isr_cb
                0x0000000000804026        0x2 build/default/production/mcc_generated_files/timer/src/tcb0.o

.bss.USART3_ParityErrorHandler
                0x0000000000804028        0x2
 .bss.USART3_ParityErrorHandler
                0x0000000000804028        0x2 build/default/production/mcc_generated_files/uart/src/usart3.o

.bss.USART3_OverrunErrorHandler
                0x000000000080402a        0x2
 .bss.USART3_OverrunErrorHandler
                0x000000000080402a        0x2 build/default/production/mcc_generated_files/uart/src/usart3.o

.bss.USART3_FramingErrorHandler
                0x000000000080402c        0x2
 .bss.USART3_FramingErrorHandler
                0x000000000080402c        0x2 build/default/production/mcc_generated_files/uart/src/usart3.o

.bss.usart3RxLastError
                0x000000000080402e        0x2
 .bss.usart3RxLastError
                0x000000000080402e        0x2 build/default/production/mcc_generated_files/uart/src/usart3.o

.bss.currentEvent
                0x0000000000804036        0x1
 .bss.currentEvent
                0x0000000000804036        0x1 build/default/production/main.o
                0x0000000000804036                currentEvent

.bss.currentState
                0x0000000000804037        0x1
 .bss.currentState
                0x0000000000804037        0x1 build/default/production/main.o
                0x0000000000804037                currentState

.bss.knipperen  0x0000000000804038        0x1
 .bss.knipperen
                0x0000000000804038        0x1 build/default/production/main.o
                0x0000000000804038                knipperen

.bss.ledAan     0x0000000000804039        0x1
 .bss.ledAan    0x0000000000804039        0x1 build/default/production/main.o
                0x0000000000804039                ledAan

.bss.geluidTeller
                0x000000000080403a        0x1
 .bss.geluidTeller
                0x000000000080403a        0x1 build/default/production/main.o
                0x000000000080403a                geluidTeller

.bss.idleTeller
                0x000000000080403b        0x1
 .bss.idleTeller
                0x000000000080403b        0x1 build/default/production/main.o
                0x000000000080403b                idleTeller

.bss.timerTeller
                0x000000000080403c        0x1
 .bss.timerTeller
                0x000000000080403c        0x1 build/default/production/main.o
                0x000000000080403c                timerTeller

.bss.geluidActief
                0x000000000080403d        0x1
 .bss.geluidActief
                0x000000000080403d        0x1 build/default/production/main.o
                0x000000000080403d                geluidActief

.bss.sendflag   0x000000000080403e        0x1
 .bss.sendflag  0x000000000080403e        0x1 build/default/production/main.o
                0x000000000080403e                sendflag

.bss.adc_res    0x0000000000804030        0x2
 .bss.adc_res   0x0000000000804030        0x2 build/default/production/main.o
                0x0000000000804030                adc_res

.bss.__stdout   0x0000000000804034        0x2
 .bss.__stdout  0x0000000000804034        0x2 c:/program files/microchip/xc8/v3.10/avr/bin/../lib/gcc/avr/5.4.0/../../../../avr/lib/avrxmega4/memx-const/mapped\libc.a(stdout.o)

.text.main      0x0000000000000176      0x1a4
 .text.main     0x0000000000000176      0x1a4 build/default/production/main.o
                0x0000000000000176                main

.text.PIN_MANAGER_Initialize
                0x000000000000031a      0x138
 .text.PIN_MANAGER_Initialize
                0x000000000000031a      0x138 build/default/production/mcc_generated_files/system/src/pins.o
                0x000000000000031a                PIN_MANAGER_Initialize

.text.EVSYS_Initialize
                0x0000000000000452       0xac
 .text.EVSYS_Initialize
                0x0000000000000452       0xac build/default/production/mcc_generated_files/evsys/src/evsys.o
                0x0000000000000452                EVSYS_Initialize

.text.CLOCK_Initialize
                0x00000000000004fe       0x90
 .text.CLOCK_Initialize
                0x00000000000004fe       0x90 build/default/production/mcc_generated_files/system/src/clock.o
                0x00000000000004fe                CLOCK_Initialize

.text.__vector_5
                0x000000000000058e       0x8e
 .text.__vector_5
                0x000000000000058e       0x8e build/default/production/mcc_generated_files/timer/src/rtc.o
                0x000000000000058e                __vector_5

.text.__vector_14
                0x000000000000061c       0x84
 .text.__vector_14
                0x000000000000061c       0x84 build/default/production/mcc_generated_files/timer/src/tcb0.o
                0x000000000000061c                __vector_14

.text.TCB0_InterruptHandler
                0x00000000000006a0       0x84
 .text.TCB0_InterruptHandler
                0x00000000000006a0       0x84 build/default/production/main.o
                0x00000000000006a0                TCB0_InterruptHandler

.text.__vector_24
                0x0000000000000724       0x7a
 .text.__vector_24
                0x0000000000000724       0x7a build/default/production/mcc_generated_files/system/src/pins.o
                0x0000000000000724                __vector_24

.text.__vector_45
                0x000000000000079e       0x6c
 .text.__vector_45
                0x000000000000079e       0x6c build/default/production/mcc_generated_files/system/src/pins.o
                0x000000000000079e                __vector_45

.text.__vector_26
                0x000000000000080a       0x60
 .text.__vector_26
                0x000000000000080a       0x60 build/default/production/mcc_generated_files/adc/src/adc0.o
                0x000000000000080a                __vector_26

.text.__vector_27
                0x000000000000086a       0x60
 .text.__vector_27
                0x000000000000086a       0x60 build/default/production/mcc_generated_files/adc/src/adc0.o
                0x000000000000086a                __vector_27

.text.__vector_6
                0x00000000000008ca       0x60
 .text.__vector_6
                0x00000000000008ca       0x60 build/default/production/mcc_generated_files/timer/src/rtc.o
                0x00000000000008ca                __vector_6

.text.USART3_Initialize
                0x000000000000092a       0x5c
 .text.USART3_Initialize
                0x000000000000092a       0x5c build/default/production/mcc_generated_files/uart/src/usart3.o
                0x000000000000092a                USART3_Initialize

.text.ADC0_Initialize
                0x0000000000000986       0x4a
 .text.ADC0_Initialize
                0x0000000000000986       0x4a build/default/production/mcc_generated_files/adc/src/adc0.o
                0x0000000000000986                ADC0_Initialize

.text.verwerkADC
                0x00000000000009d0       0x44
 .text.verwerkADC
                0x00000000000009d0       0x44 build/default/production/main.o

.text.libgcc.div
                0x0000000000000a14       0x44
 .text.libgcc.div
                0x0000000000000a14       0x44 c:/program files/microchip/xc8/v3.10/avr/bin/../lib/gcc/avr/5.4.0/avrxmega4/memx-const/mapped\libgcc.a(_udivmodsi4.o)
                0x0000000000000a14                __udivmodsi4

.text.TCB0_Initialize
                0x0000000000000a58       0x40
 .text.TCB0_Initialize
                0x0000000000000a58       0x40 build/default/production/mcc_generated_files/timer/src/tcb0.o
                0x0000000000000a58                TCB0_Initialize

.text.RTC_Initialize
                0x0000000000000a98       0x3e
 .text.RTC_Initialize
                0x0000000000000a98       0x3e build/default/production/mcc_generated_files/timer/src/rtc.o
                0x0000000000000a98                RTC_Initialize

.text.TCA0_Initialize
                0x0000000000000ad6       0x3c
 .text.TCA0_Initialize
                0x0000000000000ad6       0x3c build/default/production/mcc_generated_files/timer/src/tca0.o
                0x0000000000000ad6                TCA0_Initialize

.text.SYSTEM_Initialize
                0x0000000000000b12       0x2e
 .text.SYSTEM_Initialize
                0x0000000000000b12       0x2e build/default/production/mcc_generated_files/system/src/system.o
                0x0000000000000b12                SYSTEM_Initialize

.text.setDutyCycle
                0x0000000000000b40       0x2a
 .text.setDutyCycle
                0x0000000000000b40       0x2a build/default/production/main.o

.text.libgcc.mul
                0x0000000000000b6a       0x1e
 .text.libgcc.mul
                0x0000000000000b6a       0x1e c:/program files/microchip/xc8/v3.10/avr/bin/../lib/gcc/avr/5.4.0/avrxmega4/memx-const/mapped\libgcc.a(_umulhisi3.o)
                0x0000000000000b6a                __umulhisi3

.text.SLPCTRL_Initialize
                0x0000000000000b88       0x1c
 .text.SLPCTRL_Initialize
                0x0000000000000b88       0x1c build/default/production/mcc_generated_files/system/src/system.o
                0x0000000000000b88                SLPCTRL_Initialize

.text.CPUINT_Initialize
                0x0000000000000ba4       0x1a
 .text.CPUINT_Initialize
                0x0000000000000ba4       0x1a build/default/production/mcc_generated_files/system/src/interrupt.o
                0x0000000000000ba4                CPUINT_Initialize

.text.startTimer
                0x0000000000000bbe       0x1a
 .text.startTimer
                0x0000000000000bbe       0x1a build/default/production/main.o

.text.USART3_printCHAR
                0x0000000000000bd8       0x18
 .text.USART3_printCHAR
                0x0000000000000bd8       0x18 build/default/production/mcc_generated_files/uart/src/usart3.o
                0x0000000000000bd8                USART3_printCHAR

.text.ADC0_Interrupt_handler
                0x0000000000000bf0       0x18
 .text.ADC0_Interrupt_handler
                0x0000000000000bf0       0x18 build/default/production/main.o
                0x0000000000000bf0                ADC0_Interrupt_handler

.text.exit      0x0000000000000c08       0x16
 .text.exit     0x0000000000000c08       0x16 c:/program files/microchip/xc8/v3.10/avr/bin/../lib/gcc/avr/5.4.0/../../../../avr/lib/avrxmega4/memx-const/mapped\libc.a(exit.o)
                0x0000000000000c08                exit

.text.VREF_Initialize
                0x0000000000000c1e       0x10
 .text.VREF_Initialize
                0x0000000000000c1e       0x10 build/default/production/mcc_generated_files/vref/src/vref.o
                0x0000000000000c1e                VREF_Initialize

.text.TCB0_Start
                0x0000000000000c2e        0xc
 .text.TCB0_Start
                0x0000000000000c2e        0xc build/default/production/mcc_generated_files/timer/src/tcb0.o
                0x0000000000000c2e                TCB0_Start

.text.TCB0_Stop
                0x0000000000000c3a        0xc
 .text.TCB0_Stop
                0x0000000000000c3a        0xc build/default/production/mcc_generated_files/timer/src/tcb0.o
                0x0000000000000c3a                TCB0_Stop

.text.USART3_IsTxReady
                0x0000000000000c46        0xc
 .text.USART3_IsTxReady
                0x0000000000000c46        0xc build/default/production/mcc_generated_files/uart/src/usart3.o
                0x0000000000000c46                USART3_IsTxReady

.text.ADC0_ConversionDoneCallbackRegister
                0x0000000000000c52        0xa
 .text.ADC0_ConversionDoneCallbackRegister
                0x0000000000000c52        0xa build/default/production/mcc_generated_files/adc/src/adc0.o
                0x0000000000000c52                ADC0_ConversionDoneCallbackRegister

.text.protected_write_io
                0x0000000000000c5c        0xa
 .text.protected_write_io
                0x0000000000000c5c        0xa build/default/production/mcc_generated_files/system/src/protected_io.o
                0x0000000000000c5c                protected_write_io

.text.PIR_SetInterruptHandler
                0x0000000000000c66        0xa
 .text.PIR_SetInterruptHandler
                0x0000000000000c66        0xa build/default/production/mcc_generated_files/system/src/pins.o
                0x0000000000000c66                PIR_SetInterruptHandler

.text.__vector_8
                0x0000000000000c70        0xa
 .text.__vector_8
                0x0000000000000c70        0xa build/default/production/mcc_generated_files/system/src/pins.o
                0x0000000000000c70                __vector_8

.text.__vector_30
                0x0000000000000c7a        0xa
 .text.__vector_30
                0x0000000000000c7a        0xa build/default/production/mcc_generated_files/system/src/pins.o
                0x0000000000000c7a                __vector_30

.text.__vector_46
                0x0000000000000c84        0xa
 .text.__vector_46
                0x0000000000000c84        0xa build/default/production/mcc_generated_files/system/src/pins.o
                0x0000000000000c84                __vector_46

.text.__vector_35
                0x0000000000000c8e        0xa
 .text.__vector_35
                0x0000000000000c8e        0xa build/default/production/mcc_generated_files/system/src/pins.o
                0x0000000000000c8e                __vector_35

.text.TCB0_CaptureCallbackRegister
                0x0000000000000c98        0xa
 .text.TCB0_CaptureCallbackRegister
                0x0000000000000c98        0xa build/default/production/mcc_generated_files/timer/src/tcb0.o
                0x0000000000000c98                TCB0_CaptureCallbackRegister

.text.PIR_interruptHandler
                0x0000000000000ca2        0x8
 .text.PIR_interruptHandler
                0x0000000000000ca2        0x8 build/default/production/main.o
                0x0000000000000ca2                PIR_interruptHandler

.text           0x0000000000000caa        0x4
 .text          0x0000000000000caa        0x4 C:/Program Files/Microchip/MPLABX/v6.25/packs/Microchip/AVR-Dx_DFP/2.7.321/xc8/avr/lib/avrxmega4/memx-const/mapped/crtavr128db48.o
                0x0000000000000caa                __vector_38
                0x0000000000000caa                __vector_22
                0x0000000000000caa                __vector_28
                0x0000000000000caa                __vector_1
                0x0000000000000caa                __vector_32
                0x0000000000000caa                __vector_34
                0x0000000000000caa                __vector_12
                0x0000000000000caa                __vector_55
                0x0000000000000caa                __bad_interrupt
                0x0000000000000caa                __vector_31
                0x0000000000000caa                __vector_39
                0x0000000000000caa                __vector_3
                0x0000000000000caa                __vector_23
                0x0000000000000caa                __vector_25
                0x0000000000000caa                __vector_11
                0x0000000000000caa                __vector_54
                0x0000000000000caa                __vector_13
                0x0000000000000caa                __vector_17
                0x0000000000000caa                __vector_19
                0x0000000000000caa                __vector_56
                0x0000000000000caa                __vector_7
                0x0000000000000caa                __vector_49
                0x0000000000000caa                __vector_41
                0x0000000000000caa                __vector_43
                0x0000000000000caa                __vector_33
                0x0000000000000caa                __vector_47
                0x0000000000000caa                __vector_52
                0x0000000000000caa                __vector_37
                0x0000000000000caa                __vector_4
                0x0000000000000caa                __vector_44
                0x0000000000000caa                __vector_51
                0x0000000000000caa                __vector_9
                0x0000000000000caa                __vector_2
                0x0000000000000caa                __vector_21
                0x0000000000000caa                __vector_15
                0x0000000000000caa                __vector_36
                0x0000000000000caa                __vector_58
                0x0000000000000caa                __vector_29
                0x0000000000000caa                __vector_60
                0x0000000000000caa                __vector_40
                0x0000000000000caa                __vector_48
                0x0000000000000caa                __vector_57
                0x0000000000000caa                __vector_53
                0x0000000000000caa                __vector_10
                0x0000000000000caa                __vector_50
                0x0000000000000caa                __vector_16
                0x0000000000000caa                __vector_59
                0x0000000000000caa                __vector_18
                0x0000000000000caa                __vector_20
                0x0000000000000caa                __vector_42

.text._Exit     0x0000000000000cae        0x4
 .text._Exit    0x0000000000000cae        0x4 c:/program files/microchip/xc8/v3.10/avr/bin/../lib/gcc/avr/5.4.0/../../../../avr/lib/avrxmega4/memx-const/mapped\libc.a(_Exit.o)
                0x0000000000000cae                _Exit

.text.IO_PD1_DefaultInterruptHandler
                0x0000000000000cb2        0x2
 .text.IO_PD1_DefaultInterruptHandler
                0x0000000000000cb2        0x2 build/default/production/mcc_generated_files/system/src/pins.o
                0x0000000000000cb2                IO_PD1_DefaultInterruptHandler

.text.IO_PB1_DefaultInterruptHandler
                0x0000000000000cb4        0x2
 .text.IO_PB1_DefaultInterruptHandler
                0x0000000000000cb4        0x2 build/default/production/mcc_generated_files/system/src/pins.o
                0x0000000000000cb4                IO_PB1_DefaultInterruptHandler

.text.IO_PB0_DefaultInterruptHandler
                0x0000000000000cb6        0x2
 .text.IO_PB0_DefaultInterruptHandler
                0x0000000000000cb6        0x2 build/default/production/mcc_generated_files/system/src/pins.o
                0x0000000000000cb6                IO_PB0_DefaultInterruptHandler

.text.IO_PD0_DefaultInterruptHandler
                0x0000000000000cb8        0x2
 .text.IO_PD0_DefaultInterruptHandler
                0x0000000000000cb8        0x2 build/default/production/mcc_generated_files/system/src/pins.o
                0x0000000000000cb8                IO_PD0_DefaultInterruptHandler

.text.PIR_DefaultInterruptHandler
                0x0000000000000cba        0x2
 .text.PIR_DefaultInterruptHandler
                0x0000000000000cba        0x2 build/default/production/mcc_generated_files/system/src/pins.o
                0x0000000000000cba                PIR_DefaultInterruptHandler

.text.TCB0_DefaultOverflowCallback
                0x0000000000000cbc        0x2
 .text.TCB0_DefaultOverflowCallback
                0x0000000000000cbc        0x2 build/default/production/mcc_generated_files/timer/src/tcb0.o

.text.TCB0_DefaultCaptureCallback
                0x0000000000000cbe        0x2
 .text.TCB0_DefaultCaptureCallback
                0x0000000000000cbe        0x2 build/default/production/mcc_generated_files/timer/src/tcb0.o

.text.USART3_DefaultFramingErrorCallback
                0x0000000000000cc0        0x2
 .text.USART3_DefaultFramingErrorCallback
                0x0000000000000cc0        0x2 build/default/production/mcc_generated_files/uart/src/usart3.o

.text.USART3_DefaultOverrunErrorCallback
                0x0000000000000cc2        0x2
 .text.USART3_DefaultOverrunErrorCallback
                0x0000000000000cc2        0x2 build/default/production/mcc_generated_files/uart/src/usart3.o

.text.USART3_DefaultParityErrorCallback
                0x0000000000000cc4        0x2
 .text.USART3_DefaultParityErrorCallback
                0x0000000000000cc4        0x2 build/default/production/mcc_generated_files/uart/src/usart3.o

.text.__dummy_fini
                0x0000000000000cc6        0x2
 .text.__dummy_fini
                0x0000000000000cc6        0x2 c:/program files/microchip/xc8/v3.10/avr/bin/../lib/gcc/avr/5.4.0/../../../../avr/lib/avrxmega4/memx-const/mapped\libc.a(exit.o)
                0x0000000000000cc6                _fini

.text.__dummy_funcs_on_exit
                0x0000000000000cc8        0x2
 .text.__dummy_funcs_on_exit
                0x0000000000000cc8        0x2 c:/program files/microchip/xc8/v3.10/avr/bin/../lib/gcc/avr/5.4.0/../../../../avr/lib/avrxmega4/memx-const/mapped\libc.a(exit.o)
                0x0000000000000cc8                __funcs_on_exit

.text.__dummy_simulator_exit
                0x0000000000000cca        0x2
 .text.__dummy_simulator_exit
                0x0000000000000cca        0x2 c:/program files/microchip/xc8/v3.10/avr/bin/../lib/gcc/avr/5.4.0/../../../../avr/lib/avrxmega4/memx-const/mapped\libc.a(exit.o)
                0x0000000000000cca                __simulator_exit

.data.USART3_stream
                0x0000000000804000       0x10 load address 0x0000000000000ccc
 .data.USART3_stream
                0x0000000000804000       0x10 build/default/production/mcc_generated_files/uart/src/usart3.o
                0x0000000000804000                USART3_stream

.data._stdout   0x0000000000804032        0x2 load address 0x0000000000000cdc
 .data._stdout  0x0000000000804032        0x2 c:/program files/microchip/xc8/v3.10/avr/bin/../lib/gcc/avr/5.4.0/../../../../avr/lib/avrxmega4/memx-const/mapped\libc.a(stdout.o)
                0x0000000000804032                _stdout
